Apr  2 18:09:01 localhost rsyslogd: [origin software="rsyslogd" swVersion="8.24.0" x-pid="630" x-info="http://www.rsyslog.com"] rsyslogd was HUPed
Apr  2 18:11:16 localhost systemd-logind: Removed session 1.
Apr  2 18:11:35 localhost systemd: Started Session 3 of user root.
Apr  2 18:11:35 localhost systemd-logind: New session 3 of user root.
Apr  2 18:11:35 localhost systemd: Starting Session 3 of user root.
Apr  2 18:11:50 localhost systemd: Starting The Apache HTTP Server...
Apr  2 18:11:50 localhost httpd: AH00558: httpd: Could not reliably determine the server's fully qualified domain name, using localhost.localdomain. Set the 'ServerName' directive globally to suppress this message
Apr  2 18:11:50 localhost systemd: Started The Apache HTTP Server.
Apr  2 18:12:14 localhost systemd: Stopping The Apache HTTP Server...
Apr  2 18:12:15 localhost systemd: Starting The Apache HTTP Server...
Apr  2 18:12:15 localhost httpd: AH00558: httpd: Could not reliably determine the server's fully qualified domain name, using localhost.localdomain. Set the 'ServerName' directive globally to suppress this message
Apr  2 18:12:15 localhost systemd: Started The Apache HTTP Server.
Apr  2 18:14:28 localhost systemd: Starting Cleanup of Temporary Directories...
Apr  2 18:14:28 localhost systemd: Started Cleanup of Temporary Directories.
Apr  2 18:17:55 localhost dhclient[788]: DHCPREQUEST on enp0s3 to 192.168.11.3 port 67 (xid=0x1c7d1f65)
Apr  2 18:17:55 localhost dhclient[788]: DHCPACK from 192.168.11.3 (xid=0x1c7d1f65)
Apr  2 18:17:55 localhost NetworkManager[665]: <info>  [1522660675.0214] dhcp4 (enp0s3):   address 192.168.11.4
Apr  2 18:17:55 localhost NetworkManager[665]: <info>  [1522660675.0216] dhcp4 (enp0s3):   plen 24 (255.255.255.0)
Apr  2 18:17:55 localhost NetworkManager[665]: <info>  [1522660675.0216] dhcp4 (enp0s3):   gateway 192.168.11.1
Apr  2 18:17:55 localhost NetworkManager[665]: <info>  [1522660675.0216] dhcp4 (enp0s3):   lease time 1200
Apr  2 18:17:55 localhost NetworkManager[665]: <info>  [1522660675.0217] dhcp4 (enp0s3): state changed bound -> bound
Apr  2 18:17:55 localhost dbus[631]: [system] Activating via systemd: service name='org.freedesktop.nm_dispatcher' unit='dbus-org.freedesktop.nm-dispatcher.service'
Apr  2 18:17:55 localhost systemd: Starting Network Manager Script Dispatcher Service...
Apr  2 18:17:55 localhost dbus-daemon: dbus[631]: [system] Activating via systemd: service name='org.freedesktop.nm_dispatcher' unit='dbus-org.freedesktop.nm-dispatcher.service'
Apr  2 18:17:55 localhost dhclient[788]: bound to 192.168.11.4 -- renewal in 573 seconds.
Apr  2 18:17:55 localhost dbus[631]: [system] Successfully activated service 'org.freedesktop.nm_dispatcher'
Apr  2 18:17:55 localhost dbus-daemon: dbus[631]: [system] Successfully activated service 'org.freedesktop.nm_dispatcher'
Apr  2 18:17:55 localhost systemd: Started Network Manager Script Dispatcher Service.
Apr  2 18:17:55 localhost nm-dispatcher: req:1 'dhcp4-change' [enp0s3]: new request (5 scripts)
Apr  2 18:17:55 localhost nm-dispatcher: req:1 'dhcp4-change' [enp0s3]: start running ordered scripts...
Apr  2 18:27:28 localhost dhclient[788]: DHCPREQUEST on enp0s3 to 192.168.11.3 port 67 (xid=0x1c7d1f65)
Apr  2 18:27:28 localhost dhclient[788]: DHCPACK from 192.168.11.3 (xid=0x1c7d1f65)
Apr  2 18:27:28 localhost NetworkManager[665]: <info>  [1522661248.5578] dhcp4 (enp0s3):   address 192.168.11.4
Apr  2 18:27:28 localhost NetworkManager[665]: <info>  [1522661248.5578] dhcp4 (enp0s3):   plen 24 (255.255.255.0)
Apr  2 18:27:28 localhost NetworkManager[665]: <info>  [1522661248.5578] dhcp4 (enp0s3):   gateway 192.168.11.1
Apr  2 18:27:28 localhost NetworkManager[665]: <info>  [1522661248.5578] dhcp4 (enp0s3):   lease time 1200
Apr  2 18:27:28 localhost NetworkManager[665]: <info>  [1522661248.5578] dhcp4 (enp0s3): state changed bound -> bound
Apr  2 18:27:28 localhost dbus[631]: [system] Activating via systemd: service name='org.freedesktop.nm_dispatcher' unit='dbus-org.freedesktop.nm-dispatcher.service'
Apr  2 18:27:28 localhost systemd: Starting Network Manager Script Dispatcher Service...
Apr  2 18:27:28 localhost dbus-daemon: dbus[631]: [system] Activating via systemd: service name='org.freedesktop.nm_dispatcher' unit='dbus-org.freedesktop.nm-dispatcher.service'
Apr  2 18:27:28 localhost dhclient[788]: bound to 192.168.11.4 -- renewal in 591 seconds.
Apr  2 18:27:28 localhost dbus[631]: [system] Successfully activated service 'org.freedesktop.nm_dispatcher'
Apr  2 18:27:28 localhost dbus-daemon: dbus[631]: [system] Successfully activated service 'org.freedesktop.nm_dispatcher'
Apr  2 18:27:28 localhost systemd: Started Network Manager Script Dispatcher Service.
Apr  2 18:27:28 localhost nm-dispatcher: req:1 'dhcp4-change' [enp0s3]: new request (5 scripts)
Apr  2 18:27:28 localhost nm-dispatcher: req:1 'dhcp4-change' [enp0s3]: start running ordered scripts...
Apr  2 18:37:19 localhost dhclient[788]: DHCPREQUEST on enp0s3 to 192.168.11.3 port 67 (xid=0x1c7d1f65)
Apr  2 18:37:19 localhost dhclient[788]: DHCPACK from 192.168.11.3 (xid=0x1c7d1f65)
Apr  2 18:37:19 localhost NetworkManager[665]: <info>  [1522661839.4244] dhcp4 (enp0s3):   address 192.168.11.4
Apr  2 18:37:19 localhost NetworkManager[665]: <info>  [1522661839.4248] dhcp4 (enp0s3):   plen 24 (255.255.255.0)
Apr  2 18:37:19 localhost NetworkManager[665]: <info>  [1522661839.4248] dhcp4 (enp0s3):   gateway 192.168.11.1
Apr  2 18:37:19 localhost NetworkManager[665]: <info>  [1522661839.4248] dhcp4 (enp0s3):   lease time 1200
Apr  2 18:37:19 localhost NetworkManager[665]: <info>  [1522661839.4248] dhcp4 (enp0s3): state changed bound -> bound
Apr  2 18:37:19 localhost dbus[631]: [system] Activating via systemd: service name='org.freedesktop.nm_dispatcher' unit='dbus-org.freedesktop.nm-dispatcher.service'
Apr  2 18:37:19 localhost systemd: Starting Network Manager Script Dispatcher Service...
Apr  2 18:37:19 localhost dbus-daemon: dbus[631]: [system] Activating via systemd: service name='org.freedesktop.nm_dispatcher' unit='dbus-org.freedesktop.nm-dispatcher.service'
Apr  2 18:37:19 localhost dhclient[788]: bound to 192.168.11.4 -- renewal in 541 seconds.
Apr  2 18:37:19 localhost dbus[631]: [system] Successfully activated service 'org.freedesktop.nm_dispatcher'
Apr  2 18:37:19 localhost dbus-daemon: dbus[631]: [system] Successfully activated service 'org.freedesktop.nm_dispatcher'
Apr  2 18:37:19 localhost systemd: Started Network Manager Script Dispatcher Service.
Apr  2 18:37:19 localhost nm-dispatcher: req:1 'dhcp4-change' [enp0s3]: new request (5 scripts)
Apr  2 18:37:19 localhost nm-dispatcher: req:1 'dhcp4-change' [enp0s3]: start running ordered scripts...
Apr  2 18:46:20 localhost dhclient[788]: DHCPREQUEST on enp0s3 to 192.168.11.3 port 67 (xid=0x1c7d1f65)
Apr  2 18:46:20 localhost dhclient[788]: DHCPACK from 192.168.11.3 (xid=0x1c7d1f65)
Apr  2 18:46:20 localhost NetworkManager[665]: <info>  [1522662380.5277] dhcp4 (enp0s3):   address 192.168.11.4
Apr  2 18:46:20 localhost NetworkManager[665]: <info>  [1522662380.5277] dhcp4 (enp0s3):   plen 24 (255.255.255.0)
Apr  2 18:46:20 localhost NetworkManager[665]: <info>  [1522662380.5277] dhcp4 (enp0s3):   gateway 192.168.11.1
Apr  2 18:46:20 localhost NetworkManager[665]: <info>  [1522662380.5278] dhcp4 (enp0s3):   lease time 1200
Apr  2 18:46:20 localhost NetworkManager[665]: <info>  [1522662380.5278] dhcp4 (enp0s3): state changed bound -> bound
Apr  2 18:46:20 localhost dbus[631]: [system] Activating via systemd: service name='org.freedesktop.nm_dispatcher' unit='dbus-org.freedesktop.nm-dispatcher.service'
Apr  2 18:46:20 localhost systemd: Starting Network Manager Script Dispatcher Service...
Apr  2 18:46:20 localhost dbus-daemon: dbus[631]: [system] Activating via systemd: service name='org.freedesktop.nm_dispatcher' unit='dbus-org.freedesktop.nm-dispatcher.service'
Apr  2 18:46:20 localhost dhclient[788]: bound to 192.168.11.4 -- renewal in 536 seconds.
Apr  2 18:46:20 localhost dbus[631]: [system] Successfully activated service 'org.freedesktop.nm_dispatcher'
Apr  2 18:46:20 localhost dbus-daemon: dbus[631]: [system] Successfully activated service 'org.freedesktop.nm_dispatcher'
Apr  2 18:46:20 localhost systemd: Started Network Manager Script Dispatcher Service.
Apr  2 18:46:20 localhost nm-dispatcher: req:1 'dhcp4-change' [enp0s3]: new request (5 scripts)
Apr  2 18:46:20 localhost nm-dispatcher: req:1 'dhcp4-change' [enp0s3]: start running ordered scripts...
Apr  2 18:55:17 localhost dhclient[788]: DHCPREQUEST on enp0s3 to 192.168.11.3 port 67 (xid=0x1c7d1f65)
Apr  2 18:55:17 localhost dhclient[788]: DHCPACK from 192.168.11.3 (xid=0x1c7d1f65)
Apr  2 18:55:17 localhost NetworkManager[665]: <info>  [1522662917.0720] dhcp4 (enp0s3):   address 192.168.11.4
Apr  2 18:55:17 localhost NetworkManager[665]: <info>  [1522662917.0720] dhcp4 (enp0s3):   plen 24 (255.255.255.0)
Apr  2 18:55:17 localhost NetworkManager[665]: <info>  [1522662917.0720] dhcp4 (enp0s3):   gateway 192.168.11.1
Apr  2 18:55:17 localhost NetworkManager[665]: <info>  [1522662917.0720] dhcp4 (enp0s3):   lease time 1200
Apr  2 18:55:17 localhost NetworkManager[665]: <info>  [1522662917.0720] dhcp4 (enp0s3): state changed bound -> bound
Apr  2 18:55:17 localhost dbus[631]: [system] Activating via systemd: service name='org.freedesktop.nm_dispatcher' unit='dbus-org.freedesktop.nm-dispatcher.service'
Apr  2 18:55:17 localhost systemd: Starting Network Manager Script Dispatcher Service...
Apr  2 18:55:17 localhost dbus-daemon: dbus[631]: [system] Activating via systemd: service name='org.freedesktop.nm_dispatcher' unit='dbus-org.freedesktop.nm-dispatcher.service'
Apr  2 18:55:17 localhost dhclient[788]: bound to 192.168.11.4 -- renewal in 558 seconds.
Apr  2 18:55:17 localhost dbus[631]: [system] Successfully activated service 'org.freedesktop.nm_dispatcher'
Apr  2 18:55:17 localhost dbus-daemon: dbus[631]: [system] Successfully activated service 'org.freedesktop.nm_dispatcher'
Apr  2 18:55:17 localhost systemd: Started Network Manager Script Dispatcher Service.
Apr  2 18:55:17 localhost nm-dispatcher: req:1 'dhcp4-change' [enp0s3]: new request (5 scripts)
Apr  2 18:55:17 localhost nm-dispatcher: req:1 'dhcp4-change' [enp0s3]: start running ordered scripts...
Apr  2 19:01:01 localhost systemd: Started Session 4 of user root.
Apr  2 19:01:01 localhost systemd: Starting Session 4 of user root.
Apr  2 19:03:01 localhost systemd-logind: Removed session 3.
Apr  2 19:03:01 localhost systemd: Removed slice User Slice of root.
Apr  2 19:03:01 localhost systemd: Stopping User Slice of root.
Apr  2 19:03:19 localhost systemd: Created slice User Slice of root.
Apr  2 19:03:19 localhost systemd: Starting User Slice of root.
Apr  2 19:03:19 localhost systemd: Started Session 5 of user root.
Apr  2 19:03:19 localhost systemd-logind: New session 5 of user root.
Apr  2 19:03:19 localhost systemd: Starting Session 5 of user root.
Apr  2 19:03:23 localhost systemd: Starting Squid caching proxy...
Apr  2 19:03:23 localhost systemd: Started Squid caching proxy.
Apr  2 19:03:23 localhost squid[4610]: Squid Parent: will start 1 kids
Apr  2 19:03:23 localhost squid[4610]: Squid Parent: (squid-1) process 4612 started
Apr  2 19:03:52 localhost kernel: DCCP: Activated CCID 2 (TCP-like)
Apr  2 19:03:52 localhost kernel: DCCP: Activated CCID 3 (TCP-Friendly Rate Control)
Apr  2 19:03:52 localhost kernel: sctp: Hash tables configured (bind 256/256)
Apr  2 19:04:35 localhost dhclient[788]: DHCPREQUEST on enp0s3 to 192.168.11.3 port 67 (xid=0x1c7d1f65)
Apr  2 19:04:35 localhost dhclient[788]: DHCPACK from 192.168.11.3 (xid=0x1c7d1f65)
Apr  2 19:04:35 localhost NetworkManager[665]: <info>  [1522663475.4424] dhcp4 (enp0s3):   address 192.168.11.4
Apr  2 19:04:35 localhost NetworkManager[665]: <info>  [1522663475.4427] dhcp4 (enp0s3):   plen 24 (255.255.255.0)
Apr  2 19:04:35 localhost NetworkManager[665]: <info>  [1522663475.4427] dhcp4 (enp0s3):   gateway 192.168.11.1
Apr  2 19:04:35 localhost NetworkManager[665]: <info>  [1522663475.4427] dhcp4 (enp0s3):   lease time 1200
Apr  2 19:04:35 localhost NetworkManager[665]: <info>  [1522663475.4427] dhcp4 (enp0s3): state changed bound -> bound
Apr  2 19:04:35 localhost dbus[631]: [system] Activating via systemd: service name='org.freedesktop.nm_dispatcher' unit='dbus-org.freedesktop.nm-dispatcher.service'
Apr  2 19:04:35 localhost systemd: Starting Network Manager Script Dispatcher Service...
Apr  2 19:04:35 localhost dbus-daemon: dbus[631]: [system] Activating via systemd: service name='org.freedesktop.nm_dispatcher' unit='dbus-org.freedesktop.nm-dispatcher.service'
Apr  2 19:04:35 localhost dhclient[788]: bound to 192.168.11.4 -- renewal in 543 seconds.
Apr  2 19:04:35 localhost dbus[631]: [system] Successfully activated service 'org.freedesktop.nm_dispatcher'
Apr  2 19:04:35 localhost dbus-daemon: dbus[631]: [system] Successfully activated service 'org.freedesktop.nm_dispatcher'
Apr  2 19:04:35 localhost systemd: Started Network Manager Script Dispatcher Service.
Apr  2 19:04:35 localhost nm-dispatcher: req:1 'dhcp4-change' [enp0s3]: new request (5 scripts)
Apr  2 19:04:35 localhost nm-dispatcher: req:1 'dhcp4-change' [enp0s3]: start running ordered scripts...
Apr  2 19:07:54 localhost systemd: Stopping Squid caching proxy...
Apr  2 19:07:54 localhost systemd: Stopped Squid caching proxy.
Apr  2 19:08:02 localhost systemd: Starting Squid caching proxy...
Apr  2 19:08:02 localhost systemd: Started Squid caching proxy.
Apr  2 19:08:02 localhost squid[4907]: Squid Parent: will start 1 kids
Apr  2 19:08:02 localhost squid[4907]: Squid Parent: (squid-1) process 4909 started
Apr  2 19:08:44 localhost systemd: Stopping Squid caching proxy...
Apr  2 19:08:44 localhost systemd: Starting Squid caching proxy...
Apr  2 19:08:44 localhost systemd: Started Squid caching proxy.
Apr  2 19:08:44 localhost squid[4961]: Squid Parent: will start 1 kids
Apr  2 19:08:44 localhost squid[4961]: Squid Parent: (squid-1) process 4963 started
Apr  2 19:10:40 localhost systemd: Stopping Squid caching proxy...
Apr  2 19:10:41 localhost systemd: Stopped Squid caching proxy.
Apr  2 19:13:38 localhost dhclient[788]: DHCPREQUEST on enp0s3 to 192.168.11.3 port 67 (xid=0x1c7d1f65)
Apr  2 19:13:38 localhost dhclient[788]: DHCPACK from 192.168.11.3 (xid=0x1c7d1f65)
Apr  2 19:13:38 localhost NetworkManager[665]: <info>  [1522664018.3695] dhcp4 (enp0s3):   address 192.168.11.4
Apr  2 19:13:38 localhost NetworkManager[665]: <info>  [1522664018.3706] dhcp4 (enp0s3):   plen 24 (255.255.255.0)
Apr  2 19:13:38 localhost NetworkManager[665]: <info>  [1522664018.3706] dhcp4 (enp0s3):   gateway 192.168.11.1
Apr  2 19:13:38 localhost NetworkManager[665]: <info>  [1522664018.3707] dhcp4 (enp0s3):   lease time 1200
Apr  2 19:13:38 localhost NetworkManager[665]: <info>  [1522664018.3707] dhcp4 (enp0s3): state changed bound -> bound
Apr  2 19:13:38 localhost dbus[631]: [system] Activating via systemd: service name='org.freedesktop.nm_dispatcher' unit='dbus-org.freedesktop.nm-dispatcher.service'
Apr  2 19:13:38 localhost systemd: Starting Network Manager Script Dispatcher Service...
Apr  2 19:13:38 localhost dbus-daemon: dbus[631]: [system] Activating via systemd: service name='org.freedesktop.nm_dispatcher' unit='dbus-org.freedesktop.nm-dispatcher.service'
Apr  2 19:13:38 localhost dhclient[788]: bound to 192.168.11.4 -- renewal in 467 seconds.
Apr  2 19:13:38 localhost dbus[631]: [system] Successfully activated service 'org.freedesktop.nm_dispatcher'
Apr  2 19:13:38 localhost dbus-daemon: dbus[631]: [system] Successfully activated service 'org.freedesktop.nm_dispatcher'
Apr  2 19:13:38 localhost systemd: Started Network Manager Script Dispatcher Service.
Apr  2 19:13:38 localhost nm-dispatcher: req:1 'dhcp4-change' [enp0s3]: new request (5 scripts)
Apr  2 19:13:38 localhost nm-dispatcher: req:1 'dhcp4-change' [enp0s3]: start running ordered scripts...
Apr  2 19:21:25 localhost dhclient[788]: DHCPREQUEST on enp0s3 to 192.168.11.3 port 67 (xid=0x1c7d1f65)
Apr  2 19:21:25 localhost dhclient[788]: DHCPACK from 192.168.11.3 (xid=0x1c7d1f65)
Apr  2 19:21:25 localhost NetworkManager[665]: <info>  [1522664485.6750] dhcp4 (enp0s3):   address 192.168.11.4
Apr  2 19:21:25 localhost NetworkManager[665]: <info>  [1522664485.6751] dhcp4 (enp0s3):   plen 24 (255.255.255.0)
Apr  2 19:21:25 localhost NetworkManager[665]: <info>  [1522664485.6751] dhcp4 (enp0s3):   gateway 192.168.11.1
Apr  2 19:21:25 localhost NetworkManager[665]: <info>  [1522664485.6751] dhcp4 (enp0s3):   lease time 1200
Apr  2 19:21:25 localhost NetworkManager[665]: <info>  [1522664485.6751] dhcp4 (enp0s3): state changed bound -> bound
Apr  2 19:21:25 localhost dbus[631]: [system] Activating via systemd: service name='org.freedesktop.nm_dispatcher' unit='dbus-org.freedesktop.nm-dispatcher.service'
Apr  2 19:21:25 localhost systemd: Starting Network Manager Script Dispatcher Service...
Apr  2 19:21:25 localhost dbus-daemon: dbus[631]: [system] Activating via systemd: service name='org.freedesktop.nm_dispatcher' unit='dbus-org.freedesktop.nm-dispatcher.service'
Apr  2 19:21:25 localhost dhclient[788]: bound to 192.168.11.4 -- renewal in 533 seconds.
Apr  2 19:21:25 localhost dbus[631]: [system] Successfully activated service 'org.freedesktop.nm_dispatcher'
Apr  2 19:21:25 localhost dbus-daemon: dbus[631]: [system] Successfully activated service 'org.freedesktop.nm_dispatcher'
Apr  2 19:21:25 localhost systemd: Started Network Manager Script Dispatcher Service.
Apr  2 19:21:25 localhost nm-dispatcher: req:1 'dhcp4-change' [enp0s3]: new request (5 scripts)
Apr  2 19:21:25 localhost nm-dispatcher: req:1 'dhcp4-change' [enp0s3]: start running ordered scripts...
Apr  2 19:30:18 localhost dhclient[788]: DHCPREQUEST on enp0s3 to 192.168.11.3 port 67 (xid=0x1c7d1f65)
Apr  2 19:30:18 localhost dhclient[788]: DHCPACK from 192.168.11.3 (xid=0x1c7d1f65)
Apr  2 19:30:18 localhost NetworkManager[665]: <info>  [1522665018.7761] dhcp4 (enp0s3):   address 192.168.11.4
Apr  2 19:30:18 localhost NetworkManager[665]: <info>  [1522665018.7761] dhcp4 (enp0s3):   plen 24 (255.255.255.0)
Apr  2 19:30:18 localhost NetworkManager[665]: <info>  [1522665018.7761] dhcp4 (enp0s3):   gateway 192.168.11.1
Apr  2 19:30:18 localhost NetworkManager[665]: <info>  [1522665018.7761] dhcp4 (enp0s3):   lease time 1200
Apr  2 19:30:18 localhost NetworkManager[665]: <info>  [1522665018.7761] dhcp4 (enp0s3): state changed bound -> bound
Apr  2 19:30:18 localhost dbus[631]: [system] Activating via systemd: service name='org.freedesktop.nm_dispatcher' unit='dbus-org.freedesktop.nm-dispatcher.service'
Apr  2 19:30:18 localhost systemd: Starting Network Manager Script Dispatcher Service...
Apr  2 19:30:18 localhost dbus-daemon: dbus[631]: [system] Activating via systemd: service name='org.freedesktop.nm_dispatcher' unit='dbus-org.freedesktop.nm-dispatcher.service'
Apr  2 19:30:18 localhost dhclient[788]: bound to 192.168.11.4 -- renewal in 583 seconds.
Apr  2 19:30:18 localhost dbus[631]: [system] Successfully activated service 'org.freedesktop.nm_dispatcher'
Apr  2 19:30:18 localhost dbus-daemon: dbus[631]: [system] Successfully activated service 'org.freedesktop.nm_dispatcher'
Apr  2 19:30:18 localhost systemd: Started Network Manager Script Dispatcher Service.
Apr  2 19:30:18 localhost nm-dispatcher: req:1 'dhcp4-change' [enp0s3]: new request (5 scripts)
Apr  2 19:30:18 localhost nm-dispatcher: req:1 'dhcp4-change' [enp0s3]: start running ordered scripts...
Apr  2 19:40:01 localhost dhclient[788]: DHCPREQUEST on enp0s3 to 192.168.11.3 port 67 (xid=0x1c7d1f65)
Apr  2 19:40:01 localhost dhclient[788]: DHCPACK from 192.168.11.3 (xid=0x1c7d1f65)
Apr  2 19:40:01 localhost NetworkManager[665]: <info>  [1522665601.8253] dhcp4 (enp0s3):   address 192.168.11.4
Apr  2 19:40:01 localhost NetworkManager[665]: <info>  [1522665601.8254] dhcp4 (enp0s3):   plen 24 (255.255.255.0)
Apr  2 19:40:01 localhost NetworkManager[665]: <info>  [1522665601.8254] dhcp4 (enp0s3):   gateway 192.168.11.1
Apr  2 19:40:01 localhost NetworkManager[665]: <info>  [1522665601.8254] dhcp4 (enp0s3):   lease time 1200
Apr  2 19:40:01 localhost NetworkManager[665]: <info>  [1522665601.8254] dhcp4 (enp0s3): state changed bound -> bound
Apr  2 19:40:01 localhost dbus[631]: [system] Activating via systemd: service name='org.freedesktop.nm_dispatcher' unit='dbus-org.freedesktop.nm-dispatcher.service'
Apr  2 19:40:01 localhost systemd: Starting Network Manager Script Dispatcher Service...
Apr  2 19:40:01 localhost dbus-daemon: dbus[631]: [system] Activating via systemd: service name='org.freedesktop.nm_dispatcher' unit='dbus-org.freedesktop.nm-dispatcher.service'
Apr  2 19:40:01 localhost dhclient[788]: bound to 192.168.11.4 -- renewal in 479 seconds.
Apr  2 19:40:01 localhost dbus[631]: [system] Successfully activated service 'org.freedesktop.nm_dispatcher'
Apr  2 19:40:01 localhost dbus-daemon: dbus[631]: [system] Successfully activated service 'org.freedesktop.nm_dispatcher'
Apr  2 19:40:01 localhost systemd: Started Network Manager Script Dispatcher Service.
Apr  2 19:40:01 localhost nm-dispatcher: req:1 'dhcp4-change' [enp0s3]: new request (5 scripts)
Apr  2 19:40:01 localhost nm-dispatcher: req:1 'dhcp4-change' [enp0s3]: start running ordered scripts...
Apr  2 19:48:00 localhost dhclient[788]: DHCPREQUEST on enp0s3 to 192.168.11.3 port 67 (xid=0x1c7d1f65)
Apr  2 19:48:00 localhost dhclient[788]: DHCPACK from 192.168.11.3 (xid=0x1c7d1f65)
Apr  2 19:48:00 localhost NetworkManager[665]: <info>  [1522666080.1429] dhcp4 (enp0s3):   address 192.168.11.4
Apr  2 19:48:00 localhost NetworkManager[665]: <info>  [1522666080.1429] dhcp4 (enp0s3):   plen 24 (255.255.255.0)
Apr  2 19:48:00 localhost NetworkManager[665]: <info>  [1522666080.1429] dhcp4 (enp0s3):   gateway 192.168.11.1
Apr  2 19:48:00 localhost NetworkManager[665]: <info>  [1522666080.1429] dhcp4 (enp0s3):   lease time 1200
Apr  2 19:48:00 localhost NetworkManager[665]: <info>  [1522666080.1429] dhcp4 (enp0s3): state changed bound -> bound
Apr  2 19:48:00 localhost dbus[631]: [system] Activating via systemd: service name='org.freedesktop.nm_dispatcher' unit='dbus-org.freedesktop.nm-dispatcher.service'
Apr  2 19:48:00 localhost systemd: Starting Network Manager Script Dispatcher Service...
Apr  2 19:48:00 localhost dbus-daemon: dbus[631]: [system] Activating via systemd: service name='org.freedesktop.nm_dispatcher' unit='dbus-org.freedesktop.nm-dispatcher.service'
Apr  2 19:48:00 localhost dhclient[788]: bound to 192.168.11.4 -- renewal in 572 seconds.
Apr  2 19:48:00 localhost dbus[631]: [system] Successfully activated service 'org.freedesktop.nm_dispatcher'
Apr  2 19:48:00 localhost dbus-daemon: dbus[631]: [system] Successfully activated service 'org.freedesktop.nm_dispatcher'
Apr  2 19:48:00 localhost systemd: Started Network Manager Script Dispatcher Service.
Apr  2 19:48:00 localhost nm-dispatcher: req:1 'dhcp4-change' [enp0s3]: new request (5 scripts)
Apr  2 19:48:00 localhost nm-dispatcher: req:1 'dhcp4-change' [enp0s3]: start running ordered scripts...
Apr  2 19:57:32 localhost dhclient[788]: DHCPREQUEST on enp0s3 to 192.168.11.3 port 67 (xid=0x1c7d1f65)
Apr  2 19:57:32 localhost dhclient[788]: DHCPACK from 192.168.11.3 (xid=0x1c7d1f65)
Apr  2 19:57:32 localhost NetworkManager[665]: <info>  [1522666652.2357] dhcp4 (enp0s3):   address 192.168.11.4
Apr  2 19:57:32 localhost NetworkManager[665]: <info>  [1522666652.2359] dhcp4 (enp0s3):   plen 24 (255.255.255.0)
Apr  2 19:57:32 localhost NetworkManager[665]: <info>  [1522666652.2359] dhcp4 (enp0s3):   gateway 192.168.11.1
Apr  2 19:57:32 localhost NetworkManager[665]: <info>  [1522666652.2359] dhcp4 (enp0s3):   lease time 1200
Apr  2 19:57:32 localhost NetworkManager[665]: <info>  [1522666652.2360] dhcp4 (enp0s3): state changed bound -> bound
Apr  2 19:57:32 localhost dbus[631]: [system] Activating via systemd: service name='org.freedesktop.nm_dispatcher' unit='dbus-org.freedesktop.nm-dispatcher.service'
Apr  2 19:57:32 localhost systemd: Starting Network Manager Script Dispatcher Service...
Apr  2 19:57:32 localhost dbus-daemon: dbus[631]: [system] Activating via systemd: service name='org.freedesktop.nm_dispatcher' unit='dbus-org.freedesktop.nm-dispatcher.service'
Apr  2 19:57:32 localhost dhclient[788]: bound to 192.168.11.4 -- renewal in 567 seconds.
Apr  2 19:57:32 localhost dbus[631]: [system] Successfully activated service 'org.freedesktop.nm_dispatcher'
Apr  2 19:57:32 localhost dbus-daemon: dbus[631]: [system] Successfully activated service 'org.freedesktop.nm_dispatcher'
Apr  2 19:57:32 localhost systemd: Started Network Manager Script Dispatcher Service.
Apr  2 19:57:32 localhost nm-dispatcher: req:1 'dhcp4-change' [enp0s3]: new request (5 scripts)
Apr  2 19:57:32 localhost nm-dispatcher: req:1 'dhcp4-change' [enp0s3]: start running ordered scripts...
Apr  2 20:01:01 localhost systemd: Started Session 6 of user root.
Apr  2 20:01:01 localhost systemd: Starting Session 6 of user root.
Apr  2 20:02:50 localhost systemd: Starting nginx - high performance web server...
Apr  2 20:02:50 localhost nginx: nginx: [emerg] bind() to 0.0.0.0:80 failed (98: Address already in use)
Apr  2 20:02:50 localhost nginx: nginx: [emerg] bind() to 0.0.0.0:80 failed (98: Address already in use)
Apr  2 20:02:51 localhost nginx: nginx: [emerg] bind() to 0.0.0.0:80 failed (98: Address already in use)
Apr  2 20:02:51 localhost nginx: nginx: [emerg] bind() to 0.0.0.0:80 failed (98: Address already in use)
Apr  2 20:02:52 localhost nginx: nginx: [emerg] bind() to 0.0.0.0:80 failed (98: Address already in use)
Apr  2 20:02:53 localhost nginx: nginx: [emerg] still could not bind()
Apr  2 20:02:53 localhost systemd: nginx.service: control process exited, code=exited status=1
Apr  2 20:02:53 localhost systemd: Failed to start nginx - high performance web server.
Apr  2 20:02:53 localhost systemd: Unit nginx.service entered failed state.
Apr  2 20:02:53 localhost systemd: nginx.service failed.
Apr  2 20:03:03 localhost systemd: Starting nginx - high performance web server...
Apr  2 20:03:03 localhost nginx: nginx: [emerg] bind() to 0.0.0.0:80 failed (98: Address already in use)
Apr  2 20:03:03 localhost nginx: nginx: [emerg] bind() to 0.0.0.0:80 failed (98: Address already in use)
Apr  2 20:03:04 localhost nginx: nginx: [emerg] bind() to 0.0.0.0:80 failed (98: Address already in use)
Apr  2 20:03:04 localhost nginx: nginx: [emerg] bind() to 0.0.0.0:80 failed (98: Address already in use)
Apr  2 20:03:05 localhost nginx: nginx: [emerg] bind() to 0.0.0.0:80 failed (98: Address already in use)
Apr  2 20:03:05 localhost nginx: nginx: [emerg] still could not bind()
Apr  2 20:03:05 localhost systemd: nginx.service: control process exited, code=exited status=1
Apr  2 20:03:05 localhost systemd: Failed to start nginx - high performance web server.
Apr  2 20:03:05 localhost systemd: Unit nginx.service entered failed state.
Apr  2 20:03:05 localhost systemd: nginx.service failed.
Apr  2 20:03:58 localhost dbus[631]: avc:  received setenforce notice (enforcing=0)
Apr  2 20:03:58 localhost dbus-daemon: dbus[631]: avc:  received setenforce notice (enforcing=0)
Apr  2 20:04:07 localhost systemd: Starting nginx - high performance web server...
Apr  2 20:04:07 localhost nginx: nginx: [emerg] bind() to 0.0.0.0:80 failed (98: Address already in use)
Apr  2 20:04:08 localhost nginx: nginx: [emerg] bind() to 0.0.0.0:80 failed (98: Address already in use)
Apr  2 20:04:08 localhost nginx: nginx: [emerg] bind() to 0.0.0.0:80 failed (98: Address already in use)
Apr  2 20:04:09 localhost nginx: nginx: [emerg] bind() to 0.0.0.0:80 failed (98: Address already in use)
Apr  2 20:04:09 localhost nginx: nginx: [emerg] bind() to 0.0.0.0:80 failed (98: Address already in use)
Apr  2 20:04:10 localhost nginx: nginx: [emerg] still could not bind()
Apr  2 20:04:10 localhost systemd: nginx.service: control process exited, code=exited status=1
Apr  2 20:04:10 localhost systemd: Failed to start nginx - high performance web server.
Apr  2 20:04:10 localhost systemd: Unit nginx.service entered failed state.
Apr  2 20:04:10 localhost systemd: nginx.service failed.
Apr  2 20:04:31 localhost systemd: Stopping The Apache HTTP Server...
Apr  2 20:04:32 localhost systemd: Stopped The Apache HTTP Server.
Apr  2 20:04:35 localhost systemd: Starting nginx - high performance web server...
Apr  2 20:04:35 localhost systemd: PID file /var/run/nginx.pid not readable (yet?) after start.
Apr  2 20:04:35 localhost systemd: Started nginx - high performance web server.
Apr  2 20:06:59 localhost dhclient[788]: DHCPREQUEST on enp0s3 to 192.168.11.3 port 67 (xid=0x1c7d1f65)
Apr  2 20:06:59 localhost dhclient[788]: DHCPACK from 192.168.11.3 (xid=0x1c7d1f65)
Apr  2 20:06:59 localhost NetworkManager[665]: <info>  [1522667219.9005] dhcp4 (enp0s3):   address 192.168.11.4
Apr  2 20:06:59 localhost NetworkManager[665]: <info>  [1522667219.9008] dhcp4 (enp0s3):   plen 24 (255.255.255.0)
Apr  2 20:06:59 localhost NetworkManager[665]: <info>  [1522667219.9008] dhcp4 (enp0s3):   gateway 192.168.11.1
Apr  2 20:06:59 localhost NetworkManager[665]: <info>  [1522667219.9008] dhcp4 (enp0s3):   lease time 1200
Apr  2 20:06:59 localhost NetworkManager[665]: <info>  [1522667219.9009] dhcp4 (enp0s3): state changed bound -> bound
Apr  2 20:06:59 localhost dbus[631]: [system] Activating via systemd: service name='org.freedesktop.nm_dispatcher' unit='dbus-org.freedesktop.nm-dispatcher.service'
Apr  2 20:06:59 localhost systemd: Starting Network Manager Script Dispatcher Service...
Apr  2 20:06:59 localhost dbus-daemon: dbus[631]: [system] Activating via systemd: service name='org.freedesktop.nm_dispatcher' unit='dbus-org.freedesktop.nm-dispatcher.service'
Apr  2 20:06:59 localhost dhclient[788]: bound to 192.168.11.4 -- renewal in 526 seconds.
Apr  2 20:06:59 localhost dbus[631]: [system] Successfully activated service 'org.freedesktop.nm_dispatcher'
Apr  2 20:06:59 localhost dbus-daemon: dbus[631]: [system] Successfully activated service 'org.freedesktop.nm_dispatcher'
Apr  2 20:06:59 localhost systemd: Started Network Manager Script Dispatcher Service.
Apr  2 20:06:59 localhost nm-dispatcher: req:1 'dhcp4-change' [enp0s3]: new request (5 scripts)
Apr  2 20:06:59 localhost nm-dispatcher: req:1 'dhcp4-change' [enp0s3]: start running ordered scripts...
Apr  2 20:15:45 localhost dhclient[788]: DHCPREQUEST on enp0s3 to 192.168.11.3 port 67 (xid=0x1c7d1f65)
Apr  2 20:15:45 localhost dhclient[788]: DHCPACK from 192.168.11.3 (xid=0x1c7d1f65)
Apr  2 20:15:45 localhost NetworkManager[665]: <info>  [1522667745.5081] dhcp4 (enp0s3):   address 192.168.11.4
Apr  2 20:15:45 localhost NetworkManager[665]: <info>  [1522667745.5081] dhcp4 (enp0s3):   plen 24 (255.255.255.0)
Apr  2 20:15:45 localhost NetworkManager[665]: <info>  [1522667745.5081] dhcp4 (enp0s3):   gateway 192.168.11.1
Apr  2 20:15:45 localhost NetworkManager[665]: <info>  [1522667745.5081] dhcp4 (enp0s3):   lease time 1200
Apr  2 20:15:45 localhost NetworkManager[665]: <info>  [1522667745.5082] dhcp4 (enp0s3): state changed bound -> bound
Apr  2 20:15:45 localhost dbus[631]: [system] Activating via systemd: service name='org.freedesktop.nm_dispatcher' unit='dbus-org.freedesktop.nm-dispatcher.service'
Apr  2 20:15:45 localhost systemd: Starting Network Manager Script Dispatcher Service...
Apr  2 20:15:45 localhost dbus-daemon: dbus[631]: [system] Activating via systemd: service name='org.freedesktop.nm_dispatcher' unit='dbus-org.freedesktop.nm-dispatcher.service'
Apr  2 20:15:45 localhost dhclient[788]: bound to 192.168.11.4 -- renewal in 490 seconds.
Apr  2 20:15:45 localhost dbus[631]: [system] Successfully activated service 'org.freedesktop.nm_dispatcher'
Apr  2 20:15:45 localhost dbus-daemon: dbus[631]: [system] Successfully activated service 'org.freedesktop.nm_dispatcher'
Apr  2 20:15:45 localhost systemd: Started Network Manager Script Dispatcher Service.
Apr  2 20:15:45 localhost nm-dispatcher: req:1 'dhcp4-change' [enp0s3]: new request (5 scripts)
Apr  2 20:15:45 localhost nm-dispatcher: req:1 'dhcp4-change' [enp0s3]: start running ordered scripts...
Apr  2 20:23:55 localhost dhclient[788]: DHCPREQUEST on enp0s3 to 192.168.11.3 port 67 (xid=0x1c7d1f65)
Apr  2 20:23:55 localhost dhclient[788]: DHCPACK from 192.168.11.3 (xid=0x1c7d1f65)
Apr  2 20:23:55 localhost NetworkManager[665]: <info>  [1522668235.2683] dhcp4 (enp0s3):   address 192.168.11.4
Apr  2 20:23:55 localhost NetworkManager[665]: <info>  [1522668235.2683] dhcp4 (enp0s3):   plen 24 (255.255.255.0)
Apr  2 20:23:55 localhost NetworkManager[665]: <info>  [1522668235.2683] dhcp4 (enp0s3):   gateway 192.168.11.1
Apr  2 20:23:55 localhost NetworkManager[665]: <info>  [1522668235.2683] dhcp4 (enp0s3):   lease time 1200
Apr  2 20:23:55 localhost NetworkManager[665]: <info>  [1522668235.2683] dhcp4 (enp0s3): state changed bound -> bound
Apr  2 20:23:55 localhost dbus[631]: [system] Activating via systemd: service name='org.freedesktop.nm_dispatcher' unit='dbus-org.freedesktop.nm-dispatcher.service'
Apr  2 20:23:55 localhost systemd: Starting Network Manager Script Dispatcher Service...
Apr  2 20:23:55 localhost dbus-daemon: dbus[631]: [system] Activating via systemd: service name='org.freedesktop.nm_dispatcher' unit='dbus-org.freedesktop.nm-dispatcher.service'
Apr  2 20:23:55 localhost dhclient[788]: bound to 192.168.11.4 -- renewal in 552 seconds.
Apr  2 20:23:55 localhost dbus[631]: [system] Successfully activated service 'org.freedesktop.nm_dispatcher'
Apr  2 20:23:55 localhost dbus-daemon: dbus[631]: [system] Successfully activated service 'org.freedesktop.nm_dispatcher'
Apr  2 20:23:55 localhost systemd: Started Network Manager Script Dispatcher Service.
Apr  2 20:23:55 localhost nm-dispatcher: req:1 'dhcp4-change' [enp0s3]: new request (5 scripts)
Apr  2 20:23:55 localhost nm-dispatcher: req:1 'dhcp4-change' [enp0s3]: start running ordered scripts...
Apr  3 02:18:59 localhost kernel: Initializing cgroup subsys cpuset
Apr  3 02:18:59 localhost kernel: Initializing cgroup subsys cpu
Apr  3 02:18:59 localhost kernel: Initializing cgroup subsys cpuacct
Apr  3 02:18:59 localhost kernel: Linux version 3.10.0-693.el7.x86_64 (builder@kbuilder.dev.centos.org) (gcc version 4.8.5 20150623 (Red Hat 4.8.5-16) (GCC) ) #1 SMP Tue Aug 22 21:09:27 UTC 2017
Apr  3 02:18:59 localhost kernel: Command line: BOOT_IMAGE=/vmlinuz-3.10.0-693.el7.x86_64 root=/dev/mapper/centos-root ro crashkernel=auto rd.lvm.lv=centos/root rd.lvm.lv=centos/swap rhgb quiet LANG=ja_JP.UTF-8
Apr  3 02:18:59 localhost kernel: e820: BIOS-provided physical RAM map:
Apr  3 02:18:59 localhost kernel: BIOS-e820: [mem 0x0000000000000000-0x000000000009fbff] usable
Apr  3 02:18:59 localhost kernel: BIOS-e820: [mem 0x000000000009fc00-0x000000000009ffff] reserved
Apr  3 02:18:59 localhost kernel: BIOS-e820: [mem 0x00000000000f0000-0x00000000000fffff] reserved
Apr  3 02:18:59 localhost kernel: BIOS-e820: [mem 0x0000000000100000-0x000000003ffeffff] usable
Apr  3 02:18:59 localhost kernel: BIOS-e820: [mem 0x000000003fff0000-0x000000003fffffff] ACPI data
Apr  3 02:18:59 localhost kernel: BIOS-e820: [mem 0x00000000fec00000-0x00000000fec00fff] reserved
Apr  3 02:18:59 localhost kernel: BIOS-e820: [mem 0x00000000fee00000-0x00000000fee00fff] reserved
Apr  3 02:18:59 localhost kernel: BIOS-e820: [mem 0x00000000fffc0000-0x00000000ffffffff] reserved
Apr  3 02:18:59 localhost kernel: NX (Execute Disable) protection: active
Apr  3 02:18:59 localhost kernel: SMBIOS 2.5 present.
Apr  3 02:18:59 localhost kernel: Hypervisor detected: KVM
Apr  3 02:18:59 localhost kernel: e820: last_pfn = 0x3fff0 max_arch_pfn = 0x400000000
Apr  3 02:18:59 localhost kernel: x86 PAT enabled: cpu 0, old 0x7040600070406, new 0x7010600070106
Apr  3 02:18:59 localhost kernel: CPU MTRRs all blank - virtualized system.
Apr  3 02:18:59 localhost kernel: found SMP MP-table at [mem 0x0009fff0-0x0009ffff] mapped at [ffff88000009fff0]
Apr  3 02:18:59 localhost kernel: RAMDISK: [mem 0x358e1000-0x36c68fff]
Apr  3 02:18:59 localhost kernel: Early table checksum verification disabled
Apr  3 02:18:59 localhost kernel: ACPI: RSDP 00000000000e0000 00024 (v02 VBOX  )
Apr  3 02:18:59 localhost kernel: ACPI: XSDT 000000003fff0030 0003C (v01 VBOX   VBOXXSDT 00000001 ASL  00000061)
Apr  3 02:18:59 localhost kernel: ACPI: FACP 000000003fff00f0 000F4 (v04 VBOX   VBOXFACP 00000001 ASL  00000061)
Apr  3 02:18:59 localhost kernel: ACPI: DSDT 000000003fff0470 021FF (v02 VBOX   VBOXBIOS 00000002 INTL 20100528)
Apr  3 02:18:59 localhost kernel: ACPI: FACS 000000003fff0200 00040
Apr  3 02:18:59 localhost kernel: ACPI: APIC 000000003fff0240 00054 (v02 VBOX   VBOXAPIC 00000001 ASL  00000061)
Apr  3 02:18:59 localhost kernel: ACPI: SSDT 000000003fff02a0 001CC (v01 VBOX   VBOXCPUT 00000002 INTL 20100528)
Apr  3 02:18:59 localhost kernel: No NUMA configuration found
Apr  3 02:18:59 localhost kernel: Faking a node at [mem 0x0000000000000000-0x000000003ffeffff]
Apr  3 02:18:59 localhost kernel: NODE_DATA(0) allocated [mem 0x3ffc9000-0x3ffeffff]
Apr  3 02:18:59 localhost kernel: crashkernel=auto resulted in zero bytes of reserved memory.
Apr  3 02:18:59 localhost kernel: kvm-clock: Using msrs 4b564d01 and 4b564d00
Apr  3 02:18:59 localhost kernel: kvm-clock: cpu 0, msr 0:3ff79001, primary cpu clock
Apr  3 02:18:59 localhost kernel: kvm-clock: using sched offset of 8675523603 cycles
Apr  3 02:18:59 localhost kernel: Zone ranges:
Apr  3 02:18:59 localhost kernel:  DMA      [mem 0x00001000-0x00ffffff]
Apr  3 02:18:59 localhost kernel:  DMA32    [mem 0x01000000-0xffffffff]
Apr  3 02:18:59 localhost kernel:  Normal   empty
Apr  3 02:18:59 localhost kernel: Movable zone start for each node
Apr  3 02:18:59 localhost kernel: Early memory node ranges
Apr  3 02:18:59 localhost kernel:  node   0: [mem 0x00001000-0x0009efff]
Apr  3 02:18:59 localhost kernel:  node   0: [mem 0x00100000-0x3ffeffff]
Apr  3 02:18:59 localhost kernel: Initmem setup node 0 [mem 0x00001000-0x3ffeffff]
Apr  3 02:18:59 localhost kernel: ACPI: PM-Timer IO Port: 0x4008
Apr  3 02:18:59 localhost kernel: ACPI: LAPIC (acpi_id[0x00] lapic_id[0x00] enabled)
Apr  3 02:18:59 localhost kernel: ACPI: IOAPIC (id[0x01] address[0xfec00000] gsi_base[0])
Apr  3 02:18:59 localhost kernel: IOAPIC[0]: apic_id 1, version 32, address 0xfec00000, GSI 0-23
Apr  3 02:18:59 localhost kernel: ACPI: INT_SRC_OVR (bus 0 bus_irq 0 global_irq 2 dfl dfl)
Apr  3 02:18:59 localhost kernel: ACPI: INT_SRC_OVR (bus 0 bus_irq 9 global_irq 9 low level)
Apr  3 02:18:59 localhost kernel: Using ACPI (MADT) for SMP configuration information
Apr  3 02:18:59 localhost kernel: smpboot: Allowing 1 CPUs, 0 hotplug CPUs
Apr  3 02:18:59 localhost kernel: PM: Registered nosave memory: [mem 0x0009f000-0x0009ffff]
Apr  3 02:18:59 localhost kernel: PM: Registered nosave memory: [mem 0x000a0000-0x000effff]
Apr  3 02:18:59 localhost kernel: PM: Registered nosave memory: [mem 0x000f0000-0x000fffff]
Apr  3 02:18:59 localhost kernel: e820: [mem 0x40000000-0xfebfffff] available for PCI devices
Apr  3 02:18:59 localhost kernel: Booting paravirtualized kernel on KVM
Apr  3 02:18:59 localhost kernel: setup_percpu: NR_CPUS:5120 nr_cpumask_bits:1 nr_cpu_ids:1 nr_node_ids:1
Apr  3 02:18:59 localhost kernel: PERCPU: Embedded 33 pages/cpu @ffff88003fc00000 s97048 r8192 d29928 u2097152
Apr  3 02:18:59 localhost kernel: PV qspinlock hash table entries: 256 (order: 0, 4096 bytes)
Apr  3 02:18:59 localhost kernel: Built 1 zonelists in Node order, mobility grouping on.  Total pages: 257913
Apr  3 02:18:59 localhost kernel: Policy zone: DMA32
Apr  3 02:18:59 localhost kernel: Kernel command line: BOOT_IMAGE=/vmlinuz-3.10.0-693.el7.x86_64 root=/dev/mapper/centos-root ro crashkernel=auto rd.lvm.lv=centos/root rd.lvm.lv=centos/swap rhgb quiet LANG=ja_JP.UTF-8
Apr  3 02:18:59 localhost kernel: PID hash table entries: 4096 (order: 3, 32768 bytes)
Apr  3 02:18:59 localhost kernel: x86/fpu: xstate_offset[2]: 0240, xstate_sizes[2]: 0100
Apr  3 02:18:59 localhost kernel: xsave: enabled xstate_bv 0x7, cntxt size 0x340 using standard form
Apr  3 02:18:59 localhost kernel: Memory: 994444k/1048512k available (6886k kernel code, 392k absent, 53676k reserved, 4545k data, 1764k init)
Apr  3 02:18:59 localhost kernel: SLUB: HWalign=64, Order=0-3, MinObjects=0, CPUs=1, Nodes=1
Apr  3 02:18:59 localhost kernel: Hierarchical RCU implementation.
Apr  3 02:18:59 localhost kernel: #011RCU restricting CPUs from NR_CPUS=5120 to nr_cpu_ids=1.
Apr  3 02:18:59 localhost kernel: NR_IRQS:327936 nr_irqs:256 0
Apr  3 02:18:59 localhost kernel: Console: colour VGA+ 80x25
Apr  3 02:18:59 localhost kernel: console [tty0] enabled
Apr  3 02:18:59 localhost kernel: allocated 4194304 bytes of page_cgroup
Apr  3 02:18:59 localhost kernel: please try 'cgroup_disable=memory' option if you don't want memory cgroups
Apr  3 02:18:59 localhost kernel: tsc: Detected 2700.000 MHz processor
Apr  3 02:18:59 localhost kernel: Calibrating delay loop (skipped) preset value.. 5400.00 BogoMIPS (lpj=2700000)
Apr  3 02:18:59 localhost kernel: pid_max: default: 32768 minimum: 301
Apr  3 02:18:59 localhost kernel: Security Framework initialized
Apr  3 02:18:59 localhost kernel: SELinux:  Initializing.
Apr  3 02:18:59 localhost kernel: Yama: becoming mindful.
Apr  3 02:18:59 localhost kernel: Dentry cache hash table entries: 131072 (order: 8, 1048576 bytes)
Apr  3 02:18:59 localhost kernel: Inode-cache hash table entries: 65536 (order: 7, 524288 bytes)
Apr  3 02:18:59 localhost kernel: Mount-cache hash table entries: 2048 (order: 2, 16384 bytes)
Apr  3 02:18:59 localhost kernel: Mountpoint-cache hash table entries: 2048 (order: 2, 16384 bytes)
Apr  3 02:18:59 localhost kernel: Initializing cgroup subsys memory
Apr  3 02:18:59 localhost kernel: Initializing cgroup subsys devices
Apr  3 02:18:59 localhost kernel: Initializing cgroup subsys freezer
Apr  3 02:18:59 localhost kernel: Initializing cgroup subsys net_cls
Apr  3 02:18:59 localhost kernel: Initializing cgroup subsys blkio
Apr  3 02:18:59 localhost kernel: Initializing cgroup subsys perf_event
Apr  3 02:18:59 localhost kernel: Initializing cgroup subsys hugetlb
Apr  3 02:18:59 localhost kernel: Initializing cgroup subsys pids
Apr  3 02:18:59 localhost kernel: Initializing cgroup subsys net_prio
Apr  3 02:18:59 localhost kernel: CPU: Physical Processor ID: 0
Apr  3 02:18:59 localhost kernel: mce: CPU supports 0 MCE banks
Apr  3 02:18:59 localhost kernel: Last level iTLB entries: 4KB 0, 2MB 0, 4MB 0
Apr  3 02:18:59 localhost kernel: Last level dTLB entries: 4KB 64, 2MB 0, 4MB 0
Apr  3 02:18:59 localhost kernel: tlb_flushall_shift: 6
Apr  3 02:18:59 localhost kernel: Freeing SMP alternatives: 24k freed
Apr  3 02:18:59 localhost kernel: ACPI: Core revision 20130517
Apr  3 02:18:59 localhost kernel: ACPI: All ACPI Tables successfully acquired
Apr  3 02:18:59 localhost kernel: ftrace: allocating 26584 entries in 104 pages
Apr  3 02:18:59 localhost kernel: smpboot: Max logical packages: 1
Apr  3 02:18:59 localhost kernel: Enabling x2apic
Apr  3 02:18:59 localhost kernel: Enabled x2apic
Apr  3 02:18:59 localhost kernel: Switched APIC routing to physical x2apic.
Apr  3 02:18:59 localhost kernel: ..TIMER: vector=0x30 apic1=0 pin1=2 apic2=-1 pin2=-1
Apr  3 02:18:59 localhost kernel: smpboot: CPU0: Intel(R) Core(TM) i5-5257U CPU @ 2.70GHz (fam: 06, model: 3d, stepping: 04)
Apr  3 02:18:59 localhost kernel: Performance Events: unsupported p6 CPU model 61 no PMU driver, software events only.
Apr  3 02:18:59 localhost kernel: KVM setup paravirtual spinlock
Apr  3 02:18:59 localhost kernel: Brought up 1 CPUs
Apr  3 02:18:59 localhost kernel: smpboot: Total of 1 processors activated (5400.00 BogoMIPS)
Apr  3 02:18:59 localhost kernel: devtmpfs: initialized
Apr  3 02:18:59 localhost kernel: EVM: security.selinux
Apr  3 02:18:59 localhost kernel: EVM: security.ima
Apr  3 02:18:59 localhost kernel: EVM: security.capability
Apr  3 02:18:59 localhost kernel: atomic64 test passed for x86-64 platform with CX8 and with SSE
Apr  3 02:18:59 localhost kernel: pinctrl core: initialized pinctrl subsystem
Apr  3 02:18:59 localhost kernel: RTC time: 17:18:58, date: 04/02/18
Apr  3 02:18:59 localhost kernel: NET: Registered protocol family 16
Apr  3 02:18:59 localhost kernel: ACPI: bus type PCI registered
Apr  3 02:18:59 localhost kernel: acpiphp: ACPI Hot Plug PCI Controller Driver version: 0.5
Apr  3 02:18:59 localhost kernel: PCI: Using configuration type 1 for base access
Apr  3 02:18:59 localhost kernel: ACPI: Added _OSI(Module Device)
Apr  3 02:18:59 localhost kernel: ACPI: Added _OSI(Processor Device)
Apr  3 02:18:59 localhost kernel: ACPI: Added _OSI(3.0 _SCP Extensions)
Apr  3 02:18:59 localhost kernel: ACPI: Added _OSI(Processor Aggregator Device)
Apr  3 02:18:59 localhost kernel: ACPI: Executed 1 blocks of module-level executable AML code
Apr  3 02:18:59 localhost kernel: ACPI: Interpreter enabled
Apr  3 02:18:59 localhost kernel: ACPI: (supports S0 S5)
Apr  3 02:18:59 localhost kernel: ACPI: Using IOAPIC for interrupt routing
Apr  3 02:18:59 localhost kernel: PCI: Using host bridge windows from ACPI; if necessary, use "pci=nocrs" and report a bug
Apr  3 02:18:59 localhost kernel: ACPI: PCI Root Bridge [PCI0] (domain 0000 [bus 00-ff])
Apr  3 02:18:59 localhost kernel: acpi PNP0A03:00: _OSC: OS supports [ASPM ClockPM Segments MSI]
Apr  3 02:18:59 localhost kernel: acpi PNP0A03:00: _OSC: not requesting OS control; OS requires [ExtendedConfig ASPM ClockPM MSI]
Apr  3 02:18:59 localhost kernel: acpi PNP0A03:00: fail to add MMCONFIG information, can't access extended PCI configuration space under this bridge.
Apr  3 02:18:59 localhost kernel: PCI host bridge to bus 0000:00
Apr  3 02:18:59 localhost kernel: pci_bus 0000:00: root bus resource [bus 00-ff]
Apr  3 02:18:59 localhost kernel: pci_bus 0000:00: root bus resource [io  0x0000-0x0cf7 window]
Apr  3 02:18:59 localhost kernel: pci_bus 0000:00: root bus resource [io  0x0d00-0xffff window]
Apr  3 02:18:59 localhost kernel: pci_bus 0000:00: root bus resource [mem 0x000a0000-0x000bffff window]
Apr  3 02:18:59 localhost kernel: pci_bus 0000:00: root bus resource [mem 0x40000000-0xfdffffff window]
Apr  3 02:18:59 localhost kernel: pci 0000:00:01.1: legacy IDE quirk: reg 0x10: [io  0x01f0-0x01f7]
Apr  3 02:18:59 localhost kernel: pci 0000:00:01.1: legacy IDE quirk: reg 0x14: [io  0x03f6]
Apr  3 02:18:59 localhost kernel: pci 0000:00:01.1: legacy IDE quirk: reg 0x18: [io  0x0170-0x0177]
Apr  3 02:18:59 localhost kernel: pci 0000:00:01.1: legacy IDE quirk: reg 0x1c: [io  0x0376]
Apr  3 02:18:59 localhost kernel: pci 0000:00:07.0: quirk: [io  0x4000-0x403f] claimed by PIIX4 ACPI
Apr  3 02:18:59 localhost kernel: pci 0000:00:07.0: quirk: [io  0x4100-0x410f] claimed by PIIX4 SMB
Apr  3 02:18:59 localhost kernel: ACPI: PCI Interrupt Link [LNKA] (IRQs 5 9 10 *11)
Apr  3 02:18:59 localhost kernel: ACPI: PCI Interrupt Link [LNKB] (IRQs 5 9 *10 11)
Apr  3 02:18:59 localhost kernel: ACPI: PCI Interrupt Link [LNKC] (IRQs 5 *9 10 11)
Apr  3 02:18:59 localhost kernel: ACPI: PCI Interrupt Link [LNKD] (IRQs 5 9 10 *11)
Apr  3 02:18:59 localhost kernel: ACPI: Enabled 2 GPEs in block 00 to 07
Apr  3 02:18:59 localhost kernel: vgaarb: device added: PCI:0000:00:02.0,decodes=io+mem,owns=io+mem,locks=none
Apr  3 02:18:59 localhost kernel: vgaarb: loaded
Apr  3 02:18:59 localhost kernel: vgaarb: bridge control possible 0000:00:02.0
Apr  3 02:18:59 localhost kernel: SCSI subsystem initialized
Apr  3 02:18:59 localhost kernel: ACPI: bus type USB registered
Apr  3 02:18:59 localhost kernel: usbcore: registered new interface driver usbfs
Apr  3 02:18:59 localhost kernel: usbcore: registered new interface driver hub
Apr  3 02:18:59 localhost kernel: usbcore: registered new device driver usb
Apr  3 02:18:59 localhost kernel: PCI: Using ACPI for IRQ routing
Apr  3 02:18:59 localhost kernel: NetLabel: Initializing
Apr  3 02:18:59 localhost kernel: NetLabel:  domain hash size = 128
Apr  3 02:18:59 localhost kernel: NetLabel:  protocols = UNLABELED CIPSOv4
Apr  3 02:18:59 localhost kernel: NetLabel:  unlabeled traffic allowed by default
Apr  3 02:18:59 localhost kernel: amd_nb: Cannot enumerate AMD northbridges
Apr  3 02:18:59 localhost kernel: Switched to clocksource kvm-clock
Apr  3 02:18:59 localhost kernel: pnp: PnP ACPI init
Apr  3 02:18:59 localhost kernel: ACPI: bus type PNP registered
Apr  3 02:18:59 localhost kernel: pnp: PnP ACPI: found 2 devices
Apr  3 02:18:59 localhost kernel: ACPI: bus type PNP unregistered
Apr  3 02:18:59 localhost kernel: NET: Registered protocol family 2
Apr  3 02:18:59 localhost kernel: TCP established hash table entries: 8192 (order: 4, 65536 bytes)
Apr  3 02:18:59 localhost kernel: TCP bind hash table entries: 8192 (order: 5, 131072 bytes)
Apr  3 02:18:59 localhost kernel: TCP: Hash tables configured (established 8192 bind 8192)
Apr  3 02:18:59 localhost kernel: TCP: reno registered
Apr  3 02:18:59 localhost kernel: UDP hash table entries: 512 (order: 2, 16384 bytes)
Apr  3 02:18:59 localhost kernel: UDP-Lite hash table entries: 512 (order: 2, 16384 bytes)
Apr  3 02:18:59 localhost kernel: NET: Registered protocol family 1
Apr  3 02:18:59 localhost kernel: pci 0000:00:00.0: Limiting direct PCI/PCI transfers
Apr  3 02:18:59 localhost kernel: pci 0000:00:01.0: Activating ISA DMA hang workarounds
Apr  3 02:18:59 localhost kernel: Unpacking initramfs...
Apr  3 02:18:59 localhost kernel: Freeing initrd memory: 20000k freed
Apr  3 02:18:59 localhost kernel: RAPL PMU: API unit is 2^-32 Joules, 4 fixed counters, 10737418240 ms ovfl timer
Apr  3 02:18:59 localhost kernel: RAPL PMU: hw unit of domain pp0-core 2^-0 Joules
Apr  3 02:18:59 localhost kernel: RAPL PMU: hw unit of domain package 2^-0 Joules
Apr  3 02:18:59 localhost kernel: RAPL PMU: hw unit of domain dram 2^-0 Joules
Apr  3 02:18:59 localhost kernel: RAPL PMU: hw unit of domain pp1-gpu 2^-0 Joules
Apr  3 02:18:59 localhost kernel: platform rtc_cmos: registered platform RTC device (no PNP device found)
Apr  3 02:18:59 localhost kernel: sha1_ssse3: Using AVX optimized SHA-1 implementation
Apr  3 02:18:59 localhost kernel: sha256_ssse3: Using AVX optimized SHA-256 implementation
Apr  3 02:18:59 localhost kernel: futex hash table entries: 256 (order: 2, 16384 bytes)
Apr  3 02:18:59 localhost kernel: Initialise system trusted keyring
Apr  3 02:18:59 localhost kernel: audit: initializing netlink socket (disabled)
Apr  3 02:18:59 localhost kernel: type=2000 audit(1522689549.652:1): initialized
Apr  3 02:18:59 localhost kernel: HugeTLB registered 2 MB page size, pre-allocated 0 pages
Apr  3 02:18:59 localhost kernel: zpool: loaded
Apr  3 02:18:59 localhost kernel: zbud: loaded
Apr  3 02:18:59 localhost kernel: VFS: Disk quotas dquot_6.5.2
Apr  3 02:18:59 localhost kernel: Dquot-cache hash table entries: 512 (order 0, 4096 bytes)
Apr  3 02:18:59 localhost kernel: msgmni has been set to 1981
Apr  3 02:18:59 localhost kernel: Key type big_key registered
Apr  3 02:18:59 localhost kernel: NET: Registered protocol family 38
Apr  3 02:18:59 localhost kernel: Key type asymmetric registered
Apr  3 02:18:59 localhost kernel: Asymmetric key parser 'x509' registered
Apr  3 02:18:59 localhost kernel: Block layer SCSI generic (bsg) driver version 0.4 loaded (major 250)
Apr  3 02:18:59 localhost kernel: io scheduler noop registered
Apr  3 02:18:59 localhost kernel: io scheduler deadline registered (default)
Apr  3 02:18:59 localhost kernel: io scheduler cfq registered
Apr  3 02:18:59 localhost kernel: pci_hotplug: PCI Hot Plug PCI Core version: 0.5
Apr  3 02:18:59 localhost kernel: pciehp: PCI Express Hot Plug Controller Driver version: 0.4
Apr  3 02:18:59 localhost kernel: ACPI: AC Adapter [AC] (off-line)
Apr  3 02:18:59 localhost kernel: input: Power Button as /devices/LNXSYSTM:00/LNXPWRBN:00/input/input0
Apr  3 02:18:59 localhost kernel: ACPI: Power Button [PWRF]
Apr  3 02:18:59 localhost kernel: input: Sleep Button as /devices/LNXSYSTM:00/LNXSLPBN:00/input/input1
Apr  3 02:18:59 localhost kernel: ACPI: Sleep Button [SLPF]
Apr  3 02:18:59 localhost kernel: GHES: HEST is not enabled!
Apr  3 02:18:59 localhost kernel: Serial: 8250/16550 driver, 4 ports, IRQ sharing enabled
Apr  3 02:18:59 localhost kernel: Non-volatile memory driver v1.3
Apr  3 02:18:59 localhost kernel: Linux agpgart interface v0.103
Apr  3 02:18:59 localhost kernel: crash memory driver: version 1.1
Apr  3 02:18:59 localhost kernel: rdac: device handler registered
Apr  3 02:18:59 localhost kernel: hp_sw: device handler registered
Apr  3 02:18:59 localhost kernel: emc: device handler registered
Apr  3 02:18:59 localhost kernel: alua: device handler registered
Apr  3 02:18:59 localhost kernel: libphy: Fixed MDIO Bus: probed
Apr  3 02:18:59 localhost kernel: ehci_hcd: USB 2.0 'Enhanced' Host Controller (EHCI) Driver
Apr  3 02:18:59 localhost kernel: ehci-pci: EHCI PCI platform driver
Apr  3 02:18:59 localhost kernel: ehci-pci 0000:00:0b.0: EHCI Host Controller
Apr  3 02:18:59 localhost kernel: ehci-pci 0000:00:0b.0: new USB bus registered, assigned bus number 1
Apr  3 02:18:59 localhost kernel: ehci-pci 0000:00:0b.0: irq 19, io mem 0xf0805000
Apr  3 02:18:59 localhost kernel: ACPI: Battery Slot [BAT0] (battery present)
Apr  3 02:18:59 localhost kernel: ehci-pci 0000:00:0b.0: USB 2.0 started, EHCI 1.00
Apr  3 02:18:59 localhost kernel: usb usb1: New USB device found, idVendor=1d6b, idProduct=0002
Apr  3 02:18:59 localhost kernel: usb usb1: New USB device strings: Mfr=3, Product=2, SerialNumber=1
Apr  3 02:18:59 localhost kernel: usb usb1: Product: EHCI Host Controller
Apr  3 02:18:59 localhost kernel: usb usb1: Manufacturer: Linux 3.10.0-693.el7.x86_64 ehci_hcd
Apr  3 02:18:59 localhost kernel: usb usb1: SerialNumber: 0000:00:0b.0
Apr  3 02:18:59 localhost kernel: hub 1-0:1.0: USB hub found
Apr  3 02:18:59 localhost kernel: hub 1-0:1.0: 12 ports detected
Apr  3 02:18:59 localhost kernel: ohci_hcd: USB 1.1 'Open' Host Controller (OHCI) Driver
Apr  3 02:18:59 localhost kernel: ohci-pci: OHCI PCI platform driver
Apr  3 02:18:59 localhost kernel: ohci-pci 0000:00:06.0: OHCI PCI host controller
Apr  3 02:18:59 localhost kernel: ohci-pci 0000:00:06.0: new USB bus registered, assigned bus number 2
Apr  3 02:18:59 localhost kernel: ohci-pci 0000:00:06.0: irq 22, io mem 0xf0804000
Apr  3 02:18:59 localhost kernel: usb usb2: New USB device found, idVendor=1d6b, idProduct=0001
Apr  3 02:18:59 localhost kernel: usb usb2: New USB device strings: Mfr=3, Product=2, SerialNumber=1
Apr  3 02:18:59 localhost kernel: usb usb2: Product: OHCI PCI host controller
Apr  3 02:18:59 localhost kernel: usb usb2: Manufacturer: Linux 3.10.0-693.el7.x86_64 ohci_hcd
Apr  3 02:18:59 localhost kernel: usb usb2: SerialNumber: 0000:00:06.0
Apr  3 02:18:59 localhost kernel: hub 2-0:1.0: USB hub found
Apr  3 02:18:59 localhost kernel: hub 2-0:1.0: 12 ports detected
Apr  3 02:18:59 localhost kernel: uhci_hcd: USB Universal Host Controller Interface driver
Apr  3 02:18:59 localhost kernel: usbcore: registered new interface driver usbserial
Apr  3 02:18:59 localhost kernel: usbcore: registered new interface driver usbserial_generic
Apr  3 02:18:59 localhost kernel: usbserial: USB Serial support registered for generic
Apr  3 02:18:59 localhost kernel: i8042: PNP: PS/2 Controller [PNP0303:PS2K,PNP0f03:PS2M] at 0x60,0x64 irq 1,12
Apr  3 02:18:59 localhost kernel: serio: i8042 KBD port at 0x60,0x64 irq 1
Apr  3 02:18:59 localhost kernel: serio: i8042 AUX port at 0x60,0x64 irq 12
Apr  3 02:18:59 localhost kernel: mousedev: PS/2 mouse device common for all mice
Apr  3 02:18:59 localhost kernel: input: AT Translated Set 2 keyboard as /devices/platform/i8042/serio0/input/input2
Apr  3 02:18:59 localhost kernel: rtc_cmos rtc_cmos: rtc core: registered rtc_cmos as rtc0
Apr  3 02:18:59 localhost kernel: rtc_cmos rtc_cmos: alarms up to one day, 114 bytes nvram
Apr  3 02:18:59 localhost kernel: cpuidle: using governor menu
Apr  3 02:18:59 localhost kernel: hidraw: raw HID events driver (C) Jiri Kosina
Apr  3 02:18:59 localhost kernel: usbcore: registered new interface driver usbhid
Apr  3 02:18:59 localhost kernel: usbhid: USB HID core driver
Apr  3 02:18:59 localhost kernel: drop_monitor: Initializing network drop monitor service
Apr  3 02:18:59 localhost kernel: TCP: cubic registered
Apr  3 02:18:59 localhost kernel: Initializing XFRM netlink socket
Apr  3 02:18:59 localhost kernel: NET: Registered protocol family 10
Apr  3 02:18:59 localhost kernel: NET: Registered protocol family 17
Apr  3 02:18:59 localhost kernel: microcode: CPU0 sig=0x306d4, pf=0x40, revision=0x0
Apr  3 02:18:59 localhost kernel: microcode: Microcode Update Driver: v2.01 <tigran@aivazian.fsnet.co.uk>, Peter Oruba
Apr  3 02:18:59 localhost kernel: Loading compiled-in X.509 certificates
Apr  3 02:18:59 localhost kernel: Loaded X.509 cert 'CentOS Linux kpatch signing key: ea0413152cde1d98ebdca3fe6f0230904c9ef717'
Apr  3 02:18:59 localhost kernel: Loaded X.509 cert 'CentOS Linux Driver update signing key: 7f421ee0ab69461574bb358861dbe77762a4201b'
Apr  3 02:18:59 localhost kernel: Loaded X.509 cert 'CentOS Linux kernel signing key: da187dca7dbe53ab05bd13bd0c4e21f422b6a49c'
Apr  3 02:18:59 localhost kernel: registered taskstats version 1
Apr  3 02:18:59 localhost kernel: Key type trusted registered
Apr  3 02:18:59 localhost kernel: Key type encrypted registered
Apr  3 02:18:59 localhost kernel: IMA: No TPM chip found, activating TPM-bypass!
Apr  3 02:18:59 localhost kernel:  Magic number: 14:211:339
Apr  3 02:18:59 localhost kernel: usb usb1-port10: hash matches
Apr  3 02:18:59 localhost kernel: rtc_cmos rtc_cmos: setting system clock to 2018-04-02 17:18:59 UTC (1522689539)
Apr  3 02:18:59 localhost kernel: Freeing unused kernel memory: 1764k freed
Apr  3 02:18:59 localhost kernel: random: systemd: uninitialized urandom read (16 bytes read)
Apr  3 02:18:59 localhost kernel: random: systemd: uninitialized urandom read (16 bytes read)
Apr  3 02:18:59 localhost kernel: random: systemd: uninitialized urandom read (16 bytes read)
Apr  3 02:18:59 localhost systemd[1]: systemd 219 running in system mode. (+PAM +AUDIT +SELINUX +IMA -APPARMOR +SMACK +SYSVINIT +UTMP +LIBCRYPTSETUP +GCRYPT +GNUTLS +ACL +XZ -LZ4 -SECCOMP +BLKID +ELFUTILS +KMOD +IDN)
Apr  3 02:18:59 localhost systemd[1]: Detected virtualization kvm.
Apr  3 02:18:59 localhost systemd[1]: Detected architecture x86-64.
Apr  3 02:18:59 localhost systemd[1]: Running in initial RAM disk.
Apr  3 02:18:59 localhost systemd[1]: Set hostname to <localhost.localdomain>.
Apr  3 02:18:59 localhost kernel: random: systemd: uninitialized urandom read (16 bytes read)
Apr  3 02:18:59 localhost kernel: random: systemd: uninitialized urandom read (16 bytes read)
Apr  3 02:18:59 localhost kernel: random: systemd: uninitialized urandom read (16 bytes read)
Apr  3 02:18:59 localhost kernel: random: systemd: uninitialized urandom read (16 bytes read)
Apr  3 02:18:59 localhost kernel: random: systemd: uninitialized urandom read (16 bytes read)
Apr  3 02:18:59 localhost kernel: random: systemd: uninitialized urandom read (16 bytes read)
Apr  3 02:18:59 localhost kernel: random: systemd: uninitialized urandom read (16 bytes read)
Apr  3 02:18:59 localhost systemd[1]: Reached target Local File Systems.
Apr  3 02:18:59 localhost systemd[1]: Starting Local File Systems.
Apr  3 02:18:59 localhost systemd[1]: Reached target Swap.
Apr  3 02:18:59 localhost systemd[1]: Starting Swap.
Apr  3 02:18:59 localhost systemd[1]: Reached target Timers.
Apr  3 02:18:59 localhost systemd[1]: Starting Timers.
Apr  3 02:18:59 localhost systemd[1]: Created slice Root Slice.
Apr  3 02:18:59 localhost systemd[1]: Starting Root Slice.
Apr  3 02:18:59 localhost systemd[1]: Created slice System Slice.
Apr  3 02:18:59 localhost systemd[1]: Starting System Slice.
Apr  3 02:18:59 localhost systemd[1]: Listening on udev Kernel Socket.
Apr  3 02:18:59 localhost systemd[1]: Starting udev Kernel Socket.
Apr  3 02:18:59 localhost systemd[1]: Listening on udev Control Socket.
Apr  3 02:18:59 localhost systemd[1]: Starting udev Control Socket.
Apr  3 02:18:59 localhost systemd[1]: Listening on Journal Socket.
Apr  3 02:18:59 localhost systemd[1]: Starting Journal Socket.
Apr  3 02:18:59 localhost systemd[1]: Starting Journal Service...
Apr  3 02:18:59 localhost systemd[1]: Starting Create list of required static device nodes for the current kernel...
Apr  3 02:18:59 localhost systemd[1]: Starting dracut cmdline hook...
Apr  3 02:18:59 localhost systemd[1]: Starting Setup Virtual Console...
Apr  3 02:18:59 localhost systemd[1]: Reached target Sockets.
Apr  3 02:18:59 localhost systemd[1]: Starting Sockets.
Apr  3 02:18:59 localhost systemd[1]: Starting Apply Kernel Variables...
Apr  3 02:18:59 localhost systemd[1]: Reached target Slices.
Apr  3 02:18:59 localhost systemd[1]: Starting Slices.
Apr  3 02:18:59 localhost systemd[1]: Started Create list of required static device nodes for the current kernel.
Apr  3 02:18:59 localhost systemd[1]: Starting Create Static Device Nodes in /dev...
Apr  3 02:18:59 localhost systemd[1]: Started Create Static Device Nodes in /dev.
Apr  3 02:18:59 localhost systemd[1]: Started Apply Kernel Variables.
Apr  3 02:18:59 localhost journal: Journal started
Apr  3 02:18:59 localhost systemd[1]: Started Journal Service.
Apr  3 02:18:59 localhost kernel: psmouse serio1: alps: Unknown ALPS touchpad: E7=10 00 64, EC=10 00 64
Apr  3 02:18:59 localhost kernel: input: ImExPS/2 Generic Explorer Mouse as /devices/platform/i8042/serio1/input/input3
Apr  3 02:18:59 localhost systemd: Started Setup Virtual Console.
Apr  3 02:18:59 localhost systemd: Started dracut cmdline hook.
Apr  3 02:18:59 localhost systemd: Starting dracut pre-udev hook...
Apr  3 02:18:59 localhost kernel: device-mapper: uevent: version 1.0.3
Apr  3 02:18:59 localhost kernel: device-mapper: ioctl: 4.35.0-ioctl (2016-06-23) initialised: dm-devel@redhat.com
Apr  3 02:19:00 localhost systemd: Started dracut pre-udev hook.
Apr  3 02:19:00 localhost systemd: Starting udev Kernel Device Manager...
Apr  3 02:19:00 localhost systemd-udevd: starting version 219
Apr  3 02:19:00 localhost systemd: Started udev Kernel Device Manager.
Apr  3 02:19:00 localhost systemd: Starting udev Coldplug all Devices...
Apr  3 02:19:00 localhost systemd: Mounting Configuration File System...
Apr  3 02:19:00 localhost systemd: Mounted Configuration File System.
Apr  3 02:19:00 localhost systemd: Started udev Coldplug all Devices.
Apr  3 02:19:00 localhost systemd: Reached target System Initialization.
Apr  3 02:19:00 localhost systemd: Starting System Initialization.
Apr  3 02:19:00 localhost systemd: Starting dracut initqueue hook...
Apr  3 02:19:00 localhost systemd: Starting Show Plymouth Boot Screen...
Apr  3 02:19:00 localhost kernel: e1000: Intel(R) PRO/1000 Network Driver - version 7.3.21-k8-NAPI
Apr  3 02:19:00 localhost kernel: e1000: Copyright (c) 1999-2006 Intel Corporation.
Apr  3 02:19:00 localhost kernel: tsc: Refined TSC clocksource calibration: 2702.730 MHz
Apr  3 02:19:00 localhost systemd: Started Show Plymouth Boot Screen.
Apr  3 02:19:00 localhost systemd: Started Forward Password Requests to Plymouth Directory Watch.
Apr  3 02:19:00 localhost systemd: Starting Forward Password Requests to Plymouth Directory Watch.
Apr  3 02:19:00 localhost systemd: Reached target Paths.
Apr  3 02:19:00 localhost systemd: Starting Paths.
Apr  3 02:19:00 localhost systemd: Reached target Basic System.
Apr  3 02:19:00 localhost systemd: Starting Basic System.
Apr  3 02:19:01 localhost kernel: e1000 0000:00:03.0 eth0: (PCI:33MHz:32-bit) 08:00:27:5f:83:7c
Apr  3 02:19:01 localhost kernel: e1000 0000:00:03.0 eth0: Intel(R) PRO/1000 Network Connection
Apr  3 02:19:01 localhost kernel: ahci 0000:00:0d.0: SSS flag set, parallel bus scan disabled
Apr  3 02:19:01 localhost kernel: ahci 0000:00:0d.0: AHCI 0001.0100 32 slots 1 ports 3 Gbps 0x1 impl SATA mode
Apr  3 02:19:01 localhost kernel: ahci 0000:00:0d.0: flags: 64bit ncq stag only ccc 
Apr  3 02:19:01 localhost kernel: scsi host0: ahci
Apr  3 02:19:01 localhost kernel: ata1: SATA max UDMA/133 abar m8192@0xf0806000 port 0xf0806100 irq 21
Apr  3 02:19:01 localhost kernel: scsi host1: ata_piix
Apr  3 02:19:01 localhost kernel: scsi host2: ata_piix
Apr  3 02:19:01 localhost kernel: ata2: PATA max UDMA/33 cmd 0x1f0 ctl 0x3f6 bmdma 0xd000 irq 14
Apr  3 02:19:01 localhost kernel: ata3: PATA max UDMA/33 cmd 0x170 ctl 0x376 bmdma 0xd008 irq 15
Apr  3 02:19:01 localhost kernel: ata3.00: ATAPI: VBOX CD-ROM, 1.0, max UDMA/133
Apr  3 02:19:01 localhost kernel: ata3.00: configured for UDMA/33
Apr  3 02:19:01 localhost kernel: ata1: SATA link up 3.0 Gbps (SStatus 123 SControl 300)
Apr  3 02:19:01 localhost kernel: ata1.00: ATA-6: VBOX HARDDISK, 1.0, max UDMA/133
Apr  3 02:19:01 localhost kernel: ata1.00: 20971520 sectors, multi 128: LBA48 NCQ (depth 31/32)
Apr  3 02:19:01 localhost kernel: ata1.00: configured for UDMA/133
Apr  3 02:19:01 localhost kernel: scsi 0:0:0:0: Direct-Access     ATA      VBOX HARDDISK    1.0  PQ: 0 ANSI: 5
Apr  3 02:19:01 localhost kernel: scsi 2:0:0:0: CD-ROM            VBOX     CD-ROM           1.0  PQ: 0 ANSI: 5
Apr  3 02:19:01 localhost kernel: sd 0:0:0:0: [sda] 20971520 512-byte logical blocks: (10.7 GB/10.0 GiB)
Apr  3 02:19:01 localhost kernel: sd 0:0:0:0: [sda] Write Protect is off
Apr  3 02:19:01 localhost kernel: sd 0:0:0:0: [sda] Write cache: enabled, read cache: enabled, doesn't support DPO or FUA
Apr  3 02:19:01 localhost kernel: sda: sda1 sda2
Apr  3 02:19:01 localhost kernel: sd 0:0:0:0: [sda] Attached SCSI disk
Apr  3 02:19:01 localhost kernel: sr 2:0:0:0: [sr0] scsi3-mmc drive: 32x/32x xa/form2 tray
Apr  3 02:19:01 localhost kernel: cdrom: Uniform CD-ROM driver Revision: 3.20
Apr  3 02:19:02 localhost kernel: random: fast init done
Apr  3 02:19:02 localhost systemd: Found device /dev/mapper/centos-root.
Apr  3 02:19:02 localhost systemd: Starting File System Check on /dev/mapper/centos-root...
Apr  3 02:19:02 localhost systemd-fsck: /sbin/fsck.xfs: XFS file system.
Apr  3 02:19:02 localhost systemd: Started File System Check on /dev/mapper/centos-root.
Apr  3 02:19:02 localhost systemd: Started dracut initqueue hook.
Apr  3 02:19:02 localhost systemd: Mounting /sysroot...
Apr  3 02:19:02 localhost systemd: Reached target Remote File Systems (Pre).
Apr  3 02:19:02 localhost systemd: Starting Remote File Systems (Pre).
Apr  3 02:19:02 localhost systemd: Reached target Remote File Systems.
Apr  3 02:19:02 localhost systemd: Starting Remote File Systems.
Apr  3 02:19:02 localhost kernel: SGI XFS with ACLs, security attributes, no debug enabled
Apr  3 02:19:02 localhost kernel: XFS (dm-0): Mounting V5 Filesystem
Apr  3 02:19:03 localhost kernel: XFS (dm-0): Ending clean mount
Apr  3 02:19:03 localhost systemd: Mounted /sysroot.
Apr  3 02:19:03 localhost systemd: Reached target Initrd Root File System.
Apr  3 02:19:03 localhost systemd: Starting Initrd Root File System.
Apr  3 02:19:03 localhost systemd: Starting Reload Configuration from the Real Root...
Apr  3 02:19:03 localhost systemd: Reloading.
Apr  3 02:19:03 localhost systemd: Started Reload Configuration from the Real Root.
Apr  3 02:19:03 localhost systemd: Reached target Initrd File Systems.
Apr  3 02:19:03 localhost systemd: Starting Initrd File Systems.
Apr  3 02:19:03 localhost systemd: Reached target Initrd Default Target.
Apr  3 02:19:03 localhost systemd: Starting Initrd Default Target.
Apr  3 02:19:03 localhost systemd: Starting dracut pre-pivot and cleanup hook...
Apr  3 02:19:03 localhost systemd: Started dracut pre-pivot and cleanup hook.
Apr  3 02:19:03 localhost systemd: Starting Cleaning Up and Shutting Down Daemons...
Apr  3 02:19:03 localhost systemd: Starting Plymouth switch root service...
Apr  3 02:19:03 localhost systemd: Stopped target Timers.
Apr  3 02:19:03 localhost systemd: Stopping Timers.
Apr  3 02:19:03 localhost systemd: Stopped Cleaning Up and Shutting Down Daemons.
Apr  3 02:19:03 localhost systemd: Stopped dracut pre-pivot and cleanup hook.
Apr  3 02:19:03 localhost systemd: Stopping dracut pre-pivot and cleanup hook...
Apr  3 02:19:03 localhost systemd: Stopped target Remote File Systems.
Apr  3 02:19:03 localhost systemd: Stopping Remote File Systems.
Apr  3 02:19:03 localhost systemd: Stopped target Remote File Systems (Pre).
Apr  3 02:19:03 localhost systemd: Stopping Remote File Systems (Pre).
Apr  3 02:19:03 localhost systemd: Stopped target Initrd Default Target.
Apr  3 02:19:03 localhost systemd: Stopping Initrd Default Target.
Apr  3 02:19:03 localhost systemd: Stopped target Basic System.
Apr  3 02:19:03 localhost systemd: Stopping Basic System.
Apr  3 02:19:03 localhost systemd: Stopped target Sockets.
Apr  3 02:19:03 localhost systemd: Stopping Sockets.
Apr  3 02:19:03 localhost systemd: Stopped target Paths.
Apr  3 02:19:03 localhost systemd: Stopping Paths.
Apr  3 02:19:03 localhost systemd: Stopped target Slices.
Apr  3 02:19:03 localhost systemd: Stopping Slices.
Apr  3 02:19:03 localhost systemd: Stopped target System Initialization.
Apr  3 02:19:03 localhost systemd: Stopping System Initialization.
Apr  3 02:19:03 localhost systemd: Stopped target Local File Systems.
Apr  3 02:19:03 localhost systemd: Stopping Local File Systems.
Apr  3 02:19:03 localhost systemd: Stopped target Swap.
Apr  3 02:19:03 localhost systemd: Stopping Swap.
Apr  3 02:19:03 localhost systemd: Stopped Apply Kernel Variables.
Apr  3 02:19:03 localhost systemd: Stopping Apply Kernel Variables...
Apr  3 02:19:03 localhost systemd: Stopping udev Kernel Device Manager...
Apr  3 02:19:03 localhost systemd: Stopped dracut initqueue hook.
Apr  3 02:19:03 localhost systemd: Stopping dracut initqueue hook...
Apr  3 02:19:03 localhost systemd: Stopped udev Coldplug all Devices.
Apr  3 02:19:03 localhost systemd: Stopping udev Coldplug all Devices...
Apr  3 02:19:03 localhost systemd: Stopped udev Kernel Device Manager.
Apr  3 02:19:03 localhost systemd: Started Plymouth switch root service.
Apr  3 02:19:03 localhost systemd: Stopped dracut pre-udev hook.
Apr  3 02:19:03 localhost systemd: Stopping dracut pre-udev hook...
Apr  3 02:19:03 localhost systemd: Stopped dracut cmdline hook.
Apr  3 02:19:03 localhost systemd: Stopping dracut cmdline hook...
Apr  3 02:19:03 localhost systemd: Stopped Create Static Device Nodes in /dev.
Apr  3 02:19:03 localhost systemd: Stopping Create Static Device Nodes in /dev...
Apr  3 02:19:03 localhost systemd: Stopped Create list of required static device nodes for the current kernel.
Apr  3 02:19:03 localhost systemd: Stopping Create list of required static device nodes for the current kernel...
Apr  3 02:19:03 localhost systemd: Closed udev Kernel Socket.
Apr  3 02:19:03 localhost systemd: Stopping udev Kernel Socket.
Apr  3 02:19:03 localhost systemd: Closed udev Control Socket.
Apr  3 02:19:03 localhost systemd: Stopping udev Control Socket.
Apr  3 02:19:03 localhost systemd: Starting Cleanup udevd DB...
Apr  3 02:19:03 localhost systemd: Started Cleanup udevd DB.
Apr  3 02:19:03 localhost systemd: Reached target Switch Root.
Apr  3 02:19:03 localhost systemd: Starting Switch Root.
Apr  3 02:19:03 localhost systemd: Starting Switch Root...
Apr  3 02:19:03 localhost systemd: Switching root.
Apr  3 02:19:03 localhost journal: Journal stopped
Apr  3 02:19:04 localhost journal: Runtime journal is using 6.2M (max allowed 49.6M, trying to leave 74.4M free of 489.9M available  current limit 49.6M).
Apr  3 02:19:04 localhost journal: Runtime journal is using 6.2M (max allowed 49.6M, trying to leave 74.4M free of 489.9M available  current limit 49.6M).
Apr  3 02:19:04 localhost systemd-journald[86]: Received SIGTERM from PID 1 (systemd).
Apr  3 02:19:04 localhost kernel: random: crng init done
Apr  3 02:19:04 localhost kernel: type=1404 audit(1522689543.834:2): enforcing=1 old_enforcing=0 auid=4294967295 ses=4294967295
Apr  3 02:19:04 localhost kernel: type=1403 audit(1522689544.300:3): policy loaded auid=4294967295 ses=4294967295
Apr  3 02:19:04 localhost systemd[1]: Successfully loaded SELinux policy in 487.275ms.
Apr  3 02:19:04 localhost kernel: ip_tables: (C) 2000-2006 Netfilter Core Team
Apr  3 02:19:04 localhost systemd[1]: Inserted module 'ip_tables'
Apr  3 02:19:04 localhost systemd[1]: Relabelled /dev and /run in 18.161ms.
Apr  3 02:19:04 localhost journal: Journal started
Apr  3 02:19:04 localhost systemd: systemd 219 running in system mode. (+PAM +AUDIT +SELINUX +IMA -APPARMOR +SMACK +SYSVINIT +UTMP +LIBCRYPTSETUP +GCRYPT +GNUTLS +ACL +XZ -LZ4 -SECCOMP +BLKID +ELFUTILS +KMOD +IDN)
Apr  3 02:19:04 localhost systemd: Detected virtualization kvm.
Apr  3 02:19:04 localhost systemd: Detected architecture x86-64.
Apr  3 02:19:04 localhost systemd: Set hostname to <localhost.localdomain>.
Apr  3 02:19:04 localhost systemd: Started Apply Kernel Variables.
Apr  3 02:19:04 localhost systemd: Started Load/Save Random Seed.
Apr  3 02:19:04 localhost systemd: Starting Flush Journal to Persistent Storage...
Apr  3 02:19:04 localhost systemd: Started LVM2 metadata daemon.
Apr  3 02:19:04 localhost systemd: Starting LVM2 metadata daemon...
Apr  3 02:19:04 localhost journal: Runtime journal is using 6.2M (max allowed 49.6M, trying to leave 74.4M free of 489.9M available  current limit 49.6M).
Apr  3 02:19:04 localhost systemd: Started Flush Journal to Persistent Storage.
Apr  3 02:19:05 localhost systemd: Started Create Static Device Nodes in /dev.
Apr  3 02:19:05 localhost systemd: Starting udev Kernel Device Manager...
Apr  3 02:19:05 localhost systemd: Started udev Coldplug all Devices.
Apr  3 02:19:05 localhost systemd-udevd: starting version 219
Apr  3 02:19:05 localhost systemd: Started udev Kernel Device Manager.
Apr  3 02:19:05 localhost systemd: Started Configure read-only root support.
Apr  3 02:19:05 localhost kernel: piix4_smbus 0000:00:07.0: SMBus Host Controller at 0x4100, revision 0
Apr  3 02:19:05 localhost kernel: ACPI: Video Device [GFX0] (multi-head: yes  rom: no  post: no)
Apr  3 02:19:05 localhost kernel: input: Video Bus as /devices/LNXSYSTM:00/device:00/PNP0A03:00/LNXVIDEO:00/input/input4
Apr  3 02:19:05 localhost kernel: input: PC Speaker as /devices/platform/pcspkr/input/input5
Apr  3 02:19:05 localhost kernel: sd 0:0:0:0: Attached scsi generic sg0 type 0
Apr  3 02:19:05 localhost kernel: sr 2:0:0:0: Attached scsi generic sg1 type 5
Apr  3 02:19:05 localhost kernel: AES CTR mode by8 optimization enabled
Apr  3 02:19:05 localhost systemd: Found device VBOX_HARDDISK 1.
Apr  3 02:19:05 localhost systemd: Created slice system-lvm2\x2dpvscan.slice.
Apr  3 02:19:05 localhost systemd: Starting system-lvm2\x2dpvscan.slice.
Apr  3 02:19:05 localhost systemd: Starting LVM2 PV scan on device 8:2...
Apr  3 02:19:05 localhost kernel: ppdev: user-space parallel port driver
Apr  3 02:19:05 localhost kernel: alg: No test for __gcm-aes-aesni (__driver-gcm-aes-aesni)
Apr  3 02:19:05 localhost systemd: Found device /dev/mapper/centos-swap.
Apr  3 02:19:05 localhost systemd: Activating swap /dev/mapper/centos-swap...
Apr  3 02:19:05 localhost lvm: WARNING: lvmetad is being updated, retrying (setup) for 10 more seconds.
Apr  3 02:19:05 localhost systemd: Received SIGRTMIN+20 from PID 269 (plymouthd).
Apr  3 02:19:05 localhost lvm: 2 logical volume(s) in volume group "centos" monitored
Apr  3 02:19:05 localhost systemd: Started Monitoring of LVM2 mirrors, snapshots etc. using dmeventd or progress polling.
Apr  3 02:19:05 localhost systemd: Reached target Local File Systems (Pre).
Apr  3 02:19:05 localhost systemd: Starting Local File Systems (Pre).
Apr  3 02:19:05 localhost systemd: Mounting /boot...
Apr  3 02:19:05 localhost kernel: alg: No test for crc32 (crc32-pclmul)
Apr  3 02:19:05 localhost kernel: Adding 1048572k swap on /dev/mapper/centos-swap.  Priority:-1 extents:1 across:1048572k FS
Apr  3 02:19:05 localhost systemd: Activated swap /dev/mapper/centos-swap.
Apr  3 02:19:05 localhost systemd: Reached target Swap.
Apr  3 02:19:05 localhost systemd: Starting Swap.
Apr  3 02:19:05 localhost kernel: XFS (sda1): Mounting V5 Filesystem
Apr  3 02:19:06 localhost kernel: snd_intel8x0 0000:00:05.0: white list rate for 1028:0177 is 48000
Apr  3 02:19:07 localhost systemd: Reached target Sound Card.
Apr  3 02:19:07 localhost systemd: Starting Sound Card.
Apr  3 02:19:07 localhost kernel: XFS (sda1): Ending clean mount
Apr  3 02:19:07 localhost systemd: Mounted /boot.
Apr  3 02:19:07 localhost systemd: Reached target Local File Systems.
Apr  3 02:19:07 localhost systemd: Starting Local File Systems.
Apr  3 02:19:07 localhost systemd: Starting Import network configuration from initramfs...
Apr  3 02:19:07 localhost systemd: Starting Tell Plymouth To Write Out Runtime Data...
Apr  3 02:19:07 localhost systemd: Started Tell Plymouth To Write Out Runtime Data.
Apr  3 02:19:07 localhost systemd: Started Import network configuration from initramfs.
Apr  3 02:19:07 localhost systemd: Starting Create Volatile Files and Directories...
Apr  3 02:19:07 localhost systemd: Started Create Volatile Files and Directories.
Apr  3 02:19:07 localhost systemd: Starting Security Auditing Service...
Apr  3 02:19:07 localhost lvm: 2 logical volume(s) in volume group "centos" now active
Apr  3 02:19:07 localhost systemd: Started LVM2 PV scan on device 8:2.
Apr  3 02:19:07 localhost auditd[605]: Started dispatcher: /sbin/audispd pid: 607
Apr  3 02:19:07 localhost kernel: type=1305 audit(1522689547.467:4): audit_pid=605 old=0 auid=4294967295 ses=4294967295 subj=system_u:system_r:auditd_t:s0 res=1
Apr  3 02:19:07 localhost audispd: No plugins found, exiting
Apr  3 02:19:07 localhost auditd[605]: dispatcher 607 reaped
Apr  3 02:19:07 localhost auditd[605]: Init complete, auditd 2.7.6 listening for events (startup state enable)
Apr  3 02:19:07 localhost augenrules: /sbin/augenrules: No change
Apr  3 02:19:07 localhost augenrules: No rules
Apr  3 02:19:07 localhost augenrules: enabled 1
Apr  3 02:19:07 localhost augenrules: failure 1
Apr  3 02:19:07 localhost augenrules: pid 605
Apr  3 02:19:07 localhost augenrules: rate_limit 0
Apr  3 02:19:07 localhost augenrules: backlog_limit 8192
Apr  3 02:19:07 localhost augenrules: lost 0
Apr  3 02:19:07 localhost augenrules: backlog 1
Apr  3 02:19:07 localhost augenrules: enabled 1
Apr  3 02:19:07 localhost augenrules: failure 1
Apr  3 02:19:07 localhost augenrules: pid 605
Apr  3 02:19:07 localhost augenrules: rate_limit 0
Apr  3 02:19:07 localhost augenrules: backlog_limit 8192
Apr  3 02:19:07 localhost augenrules: lost 0
Apr  3 02:19:07 localhost augenrules: backlog 1
Apr  3 02:19:07 localhost systemd: Started Security Auditing Service.
Apr  3 02:19:07 localhost systemd: Starting Update UTMP about System Boot/Shutdown...
Apr  3 02:19:07 localhost systemd: Started Update UTMP about System Boot/Shutdown.
Apr  3 02:19:07 localhost systemd: Reached target System Initialization.
Apr  3 02:19:07 localhost systemd: Starting System Initialization.
Apr  3 02:19:07 localhost systemd: Started Flexible branding.
Apr  3 02:19:07 localhost systemd: Starting Flexible branding.
Apr  3 02:19:07 localhost systemd: Reached target Paths.
Apr  3 02:19:07 localhost systemd: Starting Paths.
Apr  3 02:19:07 localhost systemd: Started Daily Cleanup of Temporary Directories.
Apr  3 02:19:07 localhost systemd: Starting Daily Cleanup of Temporary Directories.
Apr  3 02:19:07 localhost systemd: Reached target Timers.
Apr  3 02:19:07 localhost systemd: Starting Timers.
Apr  3 02:19:07 localhost systemd: Listening on D-Bus System Message Bus Socket.
Apr  3 02:19:07 localhost systemd: Starting D-Bus System Message Bus Socket.
Apr  3 02:19:07 localhost systemd: Reached target Sockets.
Apr  3 02:19:07 localhost systemd: Starting Sockets.
Apr  3 02:19:07 localhost systemd: Reached target Basic System.
Apr  3 02:19:07 localhost systemd: Starting Basic System.
Apr  3 02:19:07 localhost systemd: Starting Dump dmesg to /var/log/dmesg...
Apr  3 02:19:07 localhost systemd: Starting NTP client/server...
Apr  3 02:19:07 localhost systemd: Started D-Bus System Message Bus.
Apr  3 02:19:07 localhost chronyd[635]: chronyd version 3.1 starting (+CMDMON +NTP +REFCLOCK +RTC +PRIVDROP +SCFILTER +SECHASH +SIGND +ASYNCDNS +IPV6 +DEBUG)
Apr  3 02:19:07 localhost chronyd[635]: Frequency -27.731 +/- 0.132 ppm read from /var/lib/chrony/drift
Apr  3 02:19:07 localhost systemd: Starting D-Bus System Message Bus...
Apr  3 02:19:07 localhost systemd: Starting Authorization Manager...
Apr  3 02:19:07 localhost systemd: Starting System Logging Service...
Apr  3 02:19:07 localhost systemd: Started irqbalance daemon.
Apr  3 02:19:07 localhost systemd: Starting irqbalance daemon...
Apr  3 02:19:07 localhost systemd: Starting System Security Services Daemon...
Apr  3 02:19:07 localhost systemd: Started Dump dmesg to /var/log/dmesg.
Apr  3 02:19:07 localhost systemd: Started NTP client/server.
Apr  3 02:19:08 localhost /usr/sbin/irqbalance: Balancing is ineffective on systems with a single cpu.  Shutting down
Apr  3 02:19:08 localhost rsyslogd: [origin software="rsyslogd" swVersion="8.24.0" x-pid="642" x-info="http://www.rsyslog.com"] start
Apr  3 02:19:08 localhost systemd: Started System Logging Service.
Apr  3 02:19:08 localhost polkitd[641]: Started polkitd version 0.112
Apr  3 02:19:08 localhost sssd: SSSD couldn't load the configuration database [2]: No such file or directory.
Apr  3 02:19:08 localhost systemd: sssd.service: main process exited, code=exited, status=4/NOPERMISSION
Apr  3 02:19:08 localhost systemd: Failed to start System Security Services Daemon.
Apr  3 02:19:08 localhost systemd: Unit sssd.service entered failed state.
Apr  3 02:19:08 localhost systemd: sssd.service failed.
Apr  3 02:19:08 localhost systemd: Reached target User and Group Name Lookups.
Apr  3 02:19:08 localhost systemd: Starting User and Group Name Lookups.
Apr  3 02:19:08 localhost systemd: Starting Permit User Sessions...
Apr  3 02:19:08 localhost systemd: Starting Login Service...
Apr  3 02:19:08 localhost systemd: Started Authorization Manager.
Apr  3 02:19:08 localhost systemd: Starting firewalld - dynamic firewall daemon...
Apr  3 02:19:08 localhost systemd: Started Permit User Sessions.
Apr  3 02:19:08 localhost systemd: Started Command Scheduler.
Apr  3 02:19:08 localhost systemd: Starting Command Scheduler...
Apr  3 02:19:08 localhost systemd: Starting Terminate Plymouth Boot Screen...
Apr  3 02:19:08 localhost systemd: Starting Wait for Plymouth Boot Screen to Quit...
Apr  3 02:19:08 localhost systemd-logind: Watching system buttons on /dev/input/event0 (Power Button)
Apr  3 02:19:08 localhost systemd-logind: Watching system buttons on /dev/input/event1 (Sleep Button)
Apr  3 02:19:08 localhost systemd-logind: Watching system buttons on /dev/input/event4 (Video Bus)
Apr  3 02:19:08 localhost systemd-logind: New seat seat0.
Apr  3 02:19:08 localhost systemd: Started Login Service.
Apr  3 02:19:08 localhost systemd: Received SIGRTMIN+21 from PID 269 (plymouthd).
Apr  3 02:19:08 localhost kernel: floppy0: no floppy controllers found
Apr  3 02:19:08 localhost kernel: work still pending
Apr  3 02:19:08 localhost systemd: Started Terminate Plymouth Boot Screen.
Apr  3 02:19:08 localhost systemd: Started Wait for Plymouth Boot Screen to Quit.
Apr  3 02:19:08 localhost systemd: Started Getty on tty1.
Apr  3 02:19:08 localhost systemd: Starting Getty on tty1...
Apr  3 02:19:08 localhost systemd: Reached target Login Prompts.
Apr  3 02:19:08 localhost systemd: Starting Login Prompts.
Apr  3 02:19:09 localhost systemd: Started firewalld - dynamic firewall daemon.
Apr  3 02:19:09 localhost systemd: Reached target Network (Pre).
Apr  3 02:19:09 localhost systemd: Starting Network (Pre).
Apr  3 02:19:09 localhost systemd: Starting Network Manager...
Apr  3 02:19:09 localhost NetworkManager[669]: <info>  [1522689549.6436] NetworkManager (version 1.8.0-9.el7) is starting... (for the first time)
Apr  3 02:19:09 localhost NetworkManager[669]: <info>  [1522689549.6469] Read config: /etc/NetworkManager/NetworkManager.conf (lib: 10-slaves-order.conf)
Apr  3 02:19:09 localhost kernel: ip6_tables: (C) 2000-2006 Netfilter Core Team
Apr  3 02:19:09 localhost NetworkManager[669]: <info>  [1522689549.6844] manager[0x55721da1a0c0]: monitoring kernel firmware directory '/lib/firmware'.
Apr  3 02:19:09 localhost NetworkManager[669]: <info>  [1522689549.6879] policy: hostname management mode: default
Apr  3 02:19:09 localhost NetworkManager[669]: <info>  [1522689549.6889] dns-mgr[0x55721da22950]: init: dns=default, rc-manager=file
Apr  3 02:19:09 localhost systemd: Started Network Manager.
Apr  3 02:19:09 localhost systemd: Starting Network Manager Wait Online...
Apr  3 02:19:09 localhost dbus-daemon: dbus[630]: [system] Activating via systemd: service name='org.freedesktop.nm_dispatcher' unit='dbus-org.freedesktop.nm-dispatcher.service'
Apr  3 02:19:09 localhost dbus[630]: [system] Activating via systemd: service name='org.freedesktop.nm_dispatcher' unit='dbus-org.freedesktop.nm-dispatcher.service'
Apr  3 02:19:09 localhost systemd: Starting Network Manager Script Dispatcher Service...
Apr  3 02:19:09 localhost dbus[630]: [system] Successfully activated service 'org.freedesktop.nm_dispatcher'
Apr  3 02:19:09 localhost dbus-daemon: dbus[630]: [system] Successfully activated service 'org.freedesktop.nm_dispatcher'
Apr  3 02:19:09 localhost systemd: Started Network Manager Script Dispatcher Service.
Apr  3 02:19:09 localhost NetworkManager[669]: <info>  [1522689549.8321] settings: loaded plugin ifcfg-rh: (c) 2007 - 2015 Red Hat, Inc.  To report bugs please use the NetworkManager mailing list. (/usr/lib64/NetworkManager/libnm-settings-plugin-ifcfg-rh.so)
Apr  3 02:19:09 localhost NetworkManager[669]: <info>  [1522689549.8361] settings: loaded plugin iBFT: (c) 2014 Red Hat, Inc.  To report bugs please use the NetworkManager mailing list. (/usr/lib64/NetworkManager/libnm-settings-plugin-ibft.so)
Apr  3 02:19:09 localhost NetworkManager[669]: <info>  [1522689549.8362] settings: loaded plugin keyfile: (c) 2007 - 2016 Red Hat, Inc.  To report bugs please use the NetworkManager mailing list.
Apr  3 02:19:09 localhost NetworkManager[669]: <info>  [1522689549.8427] ifcfg-rh: new connection /etc/sysconfig/network-scripts/ifcfg-enp0s3 (5438ece2-0a78-4b8a-9df3-bf372deb9e97,"enp0s3")
Apr  3 02:19:09 localhost dbus[630]: [system] Activating via systemd: service name='org.freedesktop.hostname1' unit='dbus-org.freedesktop.hostname1.service'
Apr  3 02:19:09 localhost dbus-daemon: dbus[630]: [system] Activating via systemd: service name='org.freedesktop.hostname1' unit='dbus-org.freedesktop.hostname1.service'
Apr  3 02:19:09 localhost systemd: Starting Hostname Service...
Apr  3 02:19:09 localhost kernel: Ebtables v2.0 registered
Apr  3 02:19:09 localhost dbus-daemon: dbus[630]: [system] Successfully activated service 'org.freedesktop.hostname1'
Apr  3 02:19:09 localhost dbus[630]: [system] Successfully activated service 'org.freedesktop.hostname1'
Apr  3 02:19:09 localhost systemd: Started Hostname Service.
Apr  3 02:19:09 localhost NetworkManager[669]: <info>  [1522689549.9614] settings: hostname: using hostnamed
Apr  3 02:19:09 localhost NetworkManager[669]: <info>  [1522689549.9640] settings: hostname changed from (none) to "localhost.localdomain"
Apr  3 02:19:09 localhost NetworkManager[669]: <info>  [1522689549.9670] dhcp-init: Using DHCP client 'dhclient'
Apr  3 02:19:09 localhost NetworkManager[669]: <info>  [1522689549.9672] manager: rfkill: WiFi enabled by radio killswitch; enabled by state file
Apr  3 02:19:09 localhost NetworkManager[669]: <info>  [1522689549.9672] manager: rfkill: WWAN enabled by radio killswitch; enabled by state file
Apr  3 02:19:09 localhost NetworkManager[669]: <info>  [1522689549.9673] manager: Networking is enabled by state file
Apr  3 02:19:09 localhost NetworkManager[669]: <info>  [1522689549.9698] Loaded device plugin: NMBondDeviceFactory (internal)
Apr  3 02:19:09 localhost NetworkManager[669]: <info>  [1522689549.9699] Loaded device plugin: NMBridgeDeviceFactory (internal)
Apr  3 02:19:09 localhost NetworkManager[669]: <info>  [1522689549.9699] Loaded device plugin: NMDummyDeviceFactory (internal)
Apr  3 02:19:09 localhost NetworkManager[669]: <info>  [1522689549.9699] Loaded device plugin: NMEthernetDeviceFactory (internal)
Apr  3 02:19:09 localhost NetworkManager[669]: <info>  [1522689549.9699] Loaded device plugin: NMInfinibandDeviceFactory (internal)
Apr  3 02:19:09 localhost NetworkManager[669]: <info>  [1522689549.9699] Loaded device plugin: NMIPTunnelDeviceFactory (internal)
Apr  3 02:19:09 localhost NetworkManager[669]: <info>  [1522689549.9699] Loaded device plugin: NMMacsecDeviceFactory (internal)
Apr  3 02:19:09 localhost NetworkManager[669]: <info>  [1522689549.9713] Loaded device plugin: NMMacvlanDeviceFactory (internal)
Apr  3 02:19:09 localhost NetworkManager[669]: <info>  [1522689549.9713] Loaded device plugin: NMTunDeviceFactory (internal)
Apr  3 02:19:09 localhost NetworkManager[669]: <info>  [1522689549.9713] Loaded device plugin: NMVethDeviceFactory (internal)
Apr  3 02:19:09 localhost NetworkManager[669]: <info>  [1522689549.9714] Loaded device plugin: NMVlanDeviceFactory (internal)
Apr  3 02:19:09 localhost NetworkManager[669]: <info>  [1522689549.9714] Loaded device plugin: NMVxlanDeviceFactory (internal)
Apr  3 02:19:09 localhost nm-dispatcher: req:1 'hostname': new request (5 scripts)
Apr  3 02:19:09 localhost nm-dispatcher: req:1 'hostname': start running ordered scripts...
Apr  3 02:19:09 localhost NetworkManager[669]: <info>  [1522689549.9775] Loaded device plugin: NMWifiFactory (/usr/lib64/NetworkManager/libnm-device-plugin-wifi.so)
Apr  3 02:19:09 localhost NetworkManager[669]: <info>  [1522689549.9870] Loaded device plugin: NMTeamFactory (/usr/lib64/NetworkManager/libnm-device-plugin-team.so)
Apr  3 02:19:09 localhost NetworkManager[669]: <info>  [1522689549.9921] device (lo): link connected
Apr  3 02:19:09 localhost NetworkManager[669]: <info>  [1522689549.9964] manager: (lo): new Generic device (/org/freedesktop/NetworkManager/Devices/1)
Apr  3 02:19:10 localhost NetworkManager[669]: <info>  [1522689550.0007] manager: (enp0s3): new Ethernet device (/org/freedesktop/NetworkManager/Devices/2)
Apr  3 02:19:10 localhost NetworkManager[669]: <info>  [1522689550.0111] device (enp0s3): state change: unmanaged -> unavailable (reason 'managed') [10 20 2]
Apr  3 02:19:10 localhost kernel: IPv6: ADDRCONF(NETDEV_UP): enp0s3: link is not ready
Apr  3 02:19:10 localhost kernel: IPv6: ADDRCONF(NETDEV_UP): enp0s3: link is not ready
Apr  3 02:19:10 localhost kernel: e1000: enp0s3 NIC Link is Up 1000 Mbps Full Duplex, Flow Control: RX
Apr  3 02:19:10 localhost kernel: IPv6: ADDRCONF(NETDEV_CHANGE): enp0s3: link becomes ready
Apr  3 02:19:10 localhost NetworkManager[669]: <info>  [1522689550.0800] device (enp0s3): link connected
Apr  3 02:19:10 localhost NetworkManager[669]: <info>  [1522689550.0999] device (enp0s3): state change: unavailable -> disconnected (reason 'carrier-changed') [20 30 40]
Apr  3 02:19:10 localhost NetworkManager[669]: <info>  [1522689550.1206] policy: auto-activating connection 'enp0s3'
Apr  3 02:19:10 localhost NetworkManager[669]: <info>  [1522689550.1281] device (enp0s3): Activation: starting connection 'enp0s3' (5438ece2-0a78-4b8a-9df3-bf372deb9e97)
Apr  3 02:19:10 localhost NetworkManager[669]: <info>  [1522689550.1318] device (enp0s3): state change: disconnected -> prepare (reason 'none') [30 40 0]
Apr  3 02:19:10 localhost NetworkManager[669]: <info>  [1522689550.1354] manager: NetworkManager state is now CONNECTING
Apr  3 02:19:10 localhost NetworkManager[669]: <info>  [1522689550.1437] device (enp0s3): state change: prepare -> config (reason 'none') [40 50 0]
Apr  3 02:19:10 localhost kernel: nf_conntrack version 0.5.0 (7939 buckets, 31756 max)
Apr  3 02:19:10 localhost kernel: bridge: filtering via arp/ip/ip6tables is no longer available by default. Update your scripts to load br_netfilter if you need this.
Apr  3 02:19:10 localhost kernel: Netfilter messages via NETLINK v0.30.
Apr  3 02:19:10 localhost kernel: ip_set: protocol 6
Apr  3 02:19:10 localhost firewalld[659]: WARNING: ICMP type 'beyond-scope' is not supported by the kernel for ipv6.
Apr  3 02:19:10 localhost firewalld[659]: WARNING: beyond-scope: INVALID_ICMPTYPE: No supported ICMP type., ignoring for run-time.
Apr  3 02:19:10 localhost firewalld[659]: WARNING: ICMP type 'failed-policy' is not supported by the kernel for ipv6.
Apr  3 02:19:10 localhost firewalld[659]: WARNING: failed-policy: INVALID_ICMPTYPE: No supported ICMP type., ignoring for run-time.
Apr  3 02:19:11 localhost firewalld[659]: WARNING: ICMP type 'reject-route' is not supported by the kernel for ipv6.
Apr  3 02:19:11 localhost firewalld[659]: WARNING: reject-route: INVALID_ICMPTYPE: No supported ICMP type., ignoring for run-time.
Apr  3 02:19:11 localhost firewalld[659]: WARNING: /etc/sysconfig/network-scripts/ifcfg-enp0s3: Duplicate option definition: 'BOOTPROTO=dhcp'
Apr  3 02:19:11 localhost NetworkManager[669]: <info>  [1522689551.7133] device (enp0s3): state change: config -> ip-config (reason 'none') [50 70 0]
Apr  3 02:19:11 localhost NetworkManager[669]: <info>  [1522689551.7152] dhcp4 (enp0s3): activation: beginning transaction (timeout in 45 seconds)
Apr  3 02:19:11 localhost NetworkManager[669]: <info>  [1522689551.7335] dhcp4 (enp0s3): dhclient started with pid 792
Apr  3 02:19:11 localhost dhclient[792]: DHCPDISCOVER on enp0s3 to 255.255.255.255 port 67 interval 8 (xid=0x5c3c10cb)
Apr  3 02:19:11 localhost dhclient[792]: DHCPREQUEST on enp0s3 to 255.255.255.255 port 67 (xid=0x5c3c10cb)
Apr  3 02:19:11 localhost dhclient[792]: DHCPOFFER from 192.168.11.3
Apr  3 02:19:11 localhost dhclient[792]: DHCPACK from 192.168.11.3 (xid=0x5c3c10cb)
Apr  3 02:19:11 localhost NetworkManager[669]: <info>  [1522689551.9446] dhcp4 (enp0s3):   address 192.168.11.4
Apr  3 02:19:11 localhost NetworkManager[669]: <info>  [1522689551.9486] dhcp4 (enp0s3):   plen 24 (255.255.255.0)
Apr  3 02:19:11 localhost NetworkManager[669]: <info>  [1522689551.9487] dhcp4 (enp0s3):   gateway 192.168.11.1
Apr  3 02:19:11 localhost NetworkManager[669]: <info>  [1522689551.9487] dhcp4 (enp0s3):   lease time 1200
Apr  3 02:19:11 localhost NetworkManager[669]: <info>  [1522689551.9488] dhcp4 (enp0s3): state changed unknown -> bound
Apr  3 02:19:11 localhost NetworkManager[669]: <info>  [1522689551.9559] device (enp0s3): state change: ip-config -> ip-check (reason 'none') [70 80 0]
Apr  3 02:19:11 localhost dhclient[792]: bound to 192.168.11.4 -- renewal in 526 seconds.
Apr  3 02:19:11 localhost NetworkManager[669]: <info>  [1522689551.9608] device (enp0s3): state change: ip-check -> secondaries (reason 'none') [80 90 0]
Apr  3 02:19:11 localhost NetworkManager[669]: <info>  [1522689551.9633] device (enp0s3): state change: secondaries -> activated (reason 'none') [90 100 0]
Apr  3 02:19:11 localhost NetworkManager[669]: <info>  [1522689551.9645] manager: NetworkManager state is now CONNECTED_LOCAL
Apr  3 02:19:11 localhost NetworkManager[669]: <info>  [1522689551.9712] manager: NetworkManager state is now CONNECTED_SITE
Apr  3 02:19:11 localhost NetworkManager[669]: <info>  [1522689551.9723] policy: set 'enp0s3' (enp0s3) as default for IPv4 routing and DNS
Apr  3 02:19:11 localhost NetworkManager[669]: <info>  [1522689551.9738] device (enp0s3): Activation: successful, device activated.
Apr  3 02:19:11 localhost nm-dispatcher: req:2 'up' [enp0s3]: new request (5 scripts)
Apr  3 02:19:11 localhost nm-dispatcher: req:2 'up' [enp0s3]: start running ordered scripts...
Apr  3 02:19:11 localhost NetworkManager[669]: <info>  [1522689551.9789] manager: startup complete
Apr  3 02:19:11 localhost NetworkManager[669]: <info>  [1522689551.9920] manager: NetworkManager state is now CONNECTED_GLOBAL
Apr  3 02:19:12 localhost nm-dispatcher: req:3 'connectivity-change': new request (5 scripts)
Apr  3 02:19:12 localhost systemd: Started Network Manager Wait Online.
Apr  3 02:19:12 localhost systemd: Starting LSB: Bring up/down networking...
Apr  3 02:19:12 localhost nm-dispatcher: req:3 'connectivity-change': start running ordered scripts...
Apr  3 02:19:12 localhost network:  [  OK  ]
Apr  3 02:19:12 localhost network:  enp0s3 :  [  OK  ]
Apr  3 02:19:12 localhost systemd: Started LSB: Bring up/down networking.
Apr  3 02:19:12 localhost systemd: Reached target Network.
Apr  3 02:19:12 localhost systemd: Starting Network.
Apr  3 02:19:12 localhost systemd: Starting OpenSSH server daemon...
Apr  3 02:19:12 localhost systemd: Starting Dynamic System Tuning Daemon...
Apr  3 02:19:12 localhost systemd: Starting Postfix Mail Transport Agent...
Apr  3 02:19:12 localhost systemd: Starting Naming services LDAP client daemon....
Apr  3 02:19:13 localhost systemd: Reached target Network is Online.
Apr  3 02:19:13 localhost systemd: Starting Network is Online.
Apr  3 02:19:13 localhost systemd: Starting Crash recovery kernel arming...
Apr  3 02:19:13 localhost systemd: PID file /var/run/nslcd/nslcd.pid not readable (yet?) after start.
Apr  3 02:19:13 localhost nslcd[996]: version 0.8.13 starting
Apr  3 02:19:13 localhost systemd: Started Naming services LDAP client daemon..
Apr  3 02:19:13 localhost nslcd[996]: accepting connections
Apr  3 02:19:13 localhost systemd: Started OpenSSH server daemon.
Apr  3 02:19:13 localhost kdumpctl: No memory reserved for crash kernel
Apr  3 02:19:13 localhost kdumpctl: Starting kdump: [FAILED]
Apr  3 02:19:13 localhost systemd: kdump.service: main process exited, code=exited, status=1/FAILURE
Apr  3 02:19:13 localhost systemd: Failed to start Crash recovery kernel arming.
Apr  3 02:19:13 localhost systemd: Unit kdump.service entered failed state.
Apr  3 02:19:13 localhost systemd: kdump.service failed.
Apr  3 02:19:17 localhost systemd: Started Dynamic System Tuning Daemon.
Apr  3 02:19:21 localhost systemd: Started Postfix Mail Transport Agent.
Apr  3 02:19:21 localhost chronyd[635]: Selected source 172.104.105.31
Apr  3 02:19:21 localhost systemd: Time has been changed
Apr  3 02:19:21 localhost chronyd[635]: System clock wrong by 2.087096 seconds, adjustment started
Apr  3 02:19:21 localhost systemd: Reached target Multi-User System.
Apr  3 02:19:21 localhost chronyd[635]: System clock was stepped by 2.087096 seconds
Apr  3 02:19:21 localhost systemd: Starting Multi-User System.
Apr  3 02:19:21 localhost systemd: Starting Update UTMP about System Runlevel Changes...
Apr  3 02:19:21 localhost systemd: Started Update UTMP about System Runlevel Changes.
Apr  3 02:19:21 localhost systemd: Startup finished in 566ms (kernel) + 4.310s (initrd) + 15.207s (userspace) = 20.084s.
Apr  3 02:20:20 localhost systemd: Created slice User Slice of root.
Apr  3 02:20:20 localhost systemd: Starting User Slice of root.
Apr  3 02:20:20 localhost systemd: Started Session 1 of user root.
Apr  3 02:20:20 localhost systemd-logind: New session 1 of user root.
Apr  3 02:20:20 localhost systemd: Starting Session 1 of user root.
Apr  3 02:20:25 localhost chronyd[635]: Selected source 172.105.232.39
Apr  3 02:20:28 localhost chronyd[635]: Source 139.162.121.154 replaced with 49.212.186.27
Apr  3 02:27:59 localhost dhclient[792]: DHCPREQUEST on enp0s3 to 192.168.11.3 port 67 (xid=0x5c3c10cb)
Apr  3 02:27:59 localhost dhclient[792]: DHCPACK from 192.168.11.3 (xid=0x5c3c10cb)
Apr  3 02:28:00 localhost NetworkManager[669]: <info>  [1522690079.9988] dhcp4 (enp0s3):   address 192.168.11.4
Apr  3 02:28:00 localhost NetworkManager[669]: <info>  [1522690079.9991] dhcp4 (enp0s3):   plen 24 (255.255.255.0)
Apr  3 02:28:00 localhost NetworkManager[669]: <info>  [1522690079.9991] dhcp4 (enp0s3):   gateway 192.168.11.1
